claim-1 scores (all models, one eval frame)
                 model stratum  n_hitters          pa  scoring_pa  pa_weighted_rmse  noise_floor  model_rmse  rank_corr  rank_corr_weighted  skill_vs_no_info
          c2_bivariate     low        380  33003.0000  32781.0000            0.0618       0.0510      0.0348     0.1140              0.1389            0.1216
          c2_bivariate  medium        280  37072.0000  36877.0000            0.0506       0.0427      0.0272     0.2509              0.1926            0.0993
          c2_bivariate    high        489 111752.0000 111114.0000            0.0410       0.0334      0.0239     0.4850              0.5089            0.5182
          c2_bivariate     all       1149 181827.0000 180772.0000            0.0474       0.0391      0.0268     0.3283              0.4103            0.3706
 c2_book_rho_reference     low        380  33003.0000  32781.0000            0.0620       0.0510      0.0352     0.1029              0.1260            0.1016
 c2_book_rho_reference  medium        280  37072.0000  36877.0000            0.0502       0.0427      0.0263     0.2683              0.2016            0.1544
 c2_book_rho_reference    high        489 111752.0000 111114.0000            0.0410       0.0334      0.0238     0.4919              0.5066            0.5216
 c2_book_rho_reference     all       1149 181827.0000 180772.0000            0.0474       0.0391      0.0267     0.3319              0.4096            0.3764
                c1_raw     low        380  33003.0000  32781.0000            0.1054       0.0510      0.0922     0.1138              0.0416           -5.1833
                c1_raw  medium        280  37072.0000  36877.0000            0.0638       0.0427      0.0474     0.1544              0.1223           -1.7432
                c1_raw    high        489 111752.0000 111114.0000            0.0431       0.0334      0.0273     0.4446              0.4899            0.3709
                c1_raw     all       1149 181827.0000 180772.0000            0.0632       0.0391      0.0496     0.2762              0.3493           -1.1485
           c1_bucketed     low        380  33003.0000  32781.0000            0.0660       0.0510      0.0418     0.0157             -0.0594           -0.2706
           c1_bucketed  medium        280  37072.0000  36877.0000            0.0585       0.0427      0.0400     0.1521              0.1431           -0.9539
           c1_bucketed    high        489 111752.0000 111114.0000            0.0431       0.0334      0.0273     0.4424              0.4896            0.3689
           c1_bucketed     all       1149 181827.0000 180772.0000            0.0513       0.0391      0.0332     0.2581              0.3604            0.0365
no_info_league_average     low        380  33003.0000  32781.0000            0.0631       0.0510      0.0371     0.0024             -0.0730            0.0000
no_info_league_average  medium        280  37072.0000  36877.0000            0.0514       0.0427      0.0286     0.0466              0.0508            0.0000
no_info_league_average    high        489 111752.0000 111114.0000            0.0479       0.0334      0.0344     0.1149              0.1071            0.0000
no_info_league_average     all       1149 181827.0000 180772.0000            0.0517       0.0391      0.0338     0.0129              0.0151            0.0000
        c3_gbm_outcome     low        380  33003.0000  32781.0000            0.0594       0.0510      0.0304     0.1107              0.0846            0.3268
        c3_gbm_outcome  medium        280  37072.0000  36877.0000            0.0502       0.0427      0.0264     0.2113              0.1811            0.1497
        c3_gbm_outcome    high        489 111752.0000 111114.0000            0.0410       0.0334      0.0237     0.4811              0.4955            0.5241
        c3_gbm_outcome     all       1149 181827.0000 180772.0000            0.0468       0.0391      0.0256     0.3445              0.4041            0.4265
           c3_gbm_full     low        380  33003.0000  32781.0000            0.0587       0.0510      0.0289     0.1288              0.1665            0.3911
           c3_gbm_full  medium        280  37072.0000  36877.0000            0.0495       0.0427      0.0250     0.2574              0.2615            0.2375
           c3_gbm_full    high        489 111752.0000 111114.0000            0.0408       0.0334      0.0235     0.4979              0.5238            0.5349
           c3_gbm_full     all       1149 181827.0000 180772.0000            0.0463       0.0391      0.0249     0.3704              0.4417            0.4602
phase_d_retrained_head     low        380  33003.0000  32781.0000            0.0598       0.0510      0.0312     0.1552              0.2573            0.2914
phase_d_retrained_head  medium        280  37072.0000  36877.0000            0.0511       0.0427      0.0280     0.3229              0.3373            0.0400
phase_d_retrained_head    high        489 111752.0000 111114.0000            0.0449       0.0334      0.0300     0.4873              0.4874            0.2396
phase_d_retrained_head     all       1149 181827.0000 180772.0000            0.0492       0.0391      0.0298     0.3952              0.4608            0.2218

paired comparisons for phase_d_retrained_head
  rmse_difference NEGATIVE favours Phase D; rank_difference POSITIVE favours it
    opponent stratum  n_hitters  n_batters  rmse_a  rmse_b  rmse_difference  ci_low_rmse  ci_high_rmse  favours_a_share_rmse  n_draws  weighted  rank_a  rank_b  rank_difference  ci_low_rank  ci_high_rank  favours_a_share_rank  rmse_favours_phase_d  rank_favours_phase_d
 c3_gbm_full     low        380        239  0.0598  0.0587           0.0012      -0.0010        0.0032                0.1295     2000      True  0.2573  0.1665           0.0908      -0.0456        0.2237                0.9070                 False                 False
 c3_gbm_full  medium        280        238  0.0511  0.0495           0.0016      -0.0008        0.0043                0.1085     2000      True  0.3373  0.2615           0.0758      -0.0271        0.1766                0.9305                 False                 False
 c3_gbm_full    high        489        318  0.0449  0.0408           0.0041       0.0023        0.0059                0.0000     2000      True  0.4874  0.5238          -0.0364      -0.0957        0.0207                0.1085                 False                 False
 c3_gbm_full     all       1149        604  0.0492  0.0463           0.0029       0.0016        0.0042                0.0000     2000      True  0.4608  0.4417           0.0190      -0.0224        0.0618                0.8050                 False                 False
c2_bivariate     low        380        239  0.0598  0.0618          -0.0019      -0.0043        0.0004                0.9465     2000      True  0.2573  0.1389           0.1184      -0.0375        0.2716                0.9320                 False                 False
c2_bivariate  medium        280        238  0.0511  0.0506           0.0005      -0.0027        0.0042                0.4205     2000      True  0.3373  0.1926           0.1447      -0.0079        0.2863                0.9675                 False                 False
c2_bivariate    high        489        318  0.0449  0.0410           0.0038       0.0018        0.0059                0.0000     2000      True  0.4874  0.5089          -0.0215      -0.0918        0.0461                0.2750                 False                 False
c2_bivariate     all       1149        604  0.0492  0.0474           0.0018       0.0002        0.0033                0.0115     2000      True  0.4608  0.4103           0.0505      -0.0082        0.1082                0.9550                 False                 False

RMSE gate vs C.3-full: not met
ordering gate vs BOTH C.2 and C.3-full: not met
