[    0.0s] loading tensors and aligning the pitch frame
[    6.6s] fitting the four auxiliary tables
[   25.6s] wrote results/phase_d/league_reference_rates.json
[   26.6s] LHB vs LHP: 210 hitters x 540 pitchers
[   97.2s]   LHB vs LHP: 64/540 pitchers
[  152.5s]   LHB vs LHP: 128/540 pitchers
[  217.0s]   LHB vs LHP: 192/540 pitchers
[  268.0s]   LHB vs LHP: 256/540 pitchers
[  292.3s]   LHB vs LHP: 320/540 pitchers
[  317.0s]   LHB vs LHP: 384/540 pitchers
[  345.4s]   LHB vs LHP: 448/540 pitchers
[  380.1s]   LHB vs LHP: 512/540 pitchers
[  382.7s]   LHB vs LHP: 540/540 pitchers
[  382.9s] RHB vs LHP: 423 hitters x 544 pitchers
[  578.0s]   RHB vs LHP: 64/544 pitchers
[  805.9s]   RHB vs LHP: 128/544 pitchers
[ 1132.3s]   RHB vs LHP: 192/544 pitchers
[ 1364.2s]   RHB vs LHP: 256/544 pitchers
[ 1533.4s]   RHB vs LHP: 320/544 pitchers
[ 1741.6s]   RHB vs LHP: 384/544 pitchers
[ 1913.3s]   RHB vs LHP: 448/544 pitchers
[ 2094.0s]   RHB vs LHP: 512/544 pitchers
[ 2201.8s]   RHB vs LHP: 544/544 pitchers
[ 2202.8s] LHB vs RHP: 287 hitters x 1475 pitchers
[ 2275.4s]   LHB vs RHP: 64/1475 pitchers
[ 2394.4s]   LHB vs RHP: 128/1475 pitchers
[ 2445.4s]   LHB vs RHP: 192/1475 pitchers
[ 2511.3s]   LHB vs RHP: 256/1475 pitchers
[ 2568.6s]   LHB vs RHP: 320/1475 pitchers
[ 2638.6s]   LHB vs RHP: 384/1475 pitchers
[ 2750.3s]   LHB vs RHP: 448/1475 pitchers
[ 2808.3s]   LHB vs RHP: 512/1475 pitchers
[ 2881.3s]   LHB vs RHP: 576/1475 pitchers
[ 2953.8s]   LHB vs RHP: 640/1475 pitchers
[ 3027.1s]   LHB vs RHP: 704/1475 pitchers
[ 3090.0s]   LHB vs RHP: 768/1475 pitchers
[ 3189.7s]   LHB vs RHP: 832/1475 pitchers
[ 3275.8s]   LHB vs RHP: 896/1475 pitchers
[ 3355.8s]   LHB vs RHP: 960/1475 pitchers
[ 3414.8s]   LHB vs RHP: 1024/1475 pitchers
[ 3504.6s]   LHB vs RHP: 1088/1475 pitchers
[ 3637.4s]   LHB vs RHP: 1152/1475 pitchers
[ 3726.1s]   LHB vs RHP: 1216/1475 pitchers
[ 3772.0s]   LHB vs RHP: 1280/1475 pitchers
[ 3825.6s]   LHB vs RHP: 1344/1475 pitchers
[ 3876.4s]   LHB vs RHP: 1408/1475 pitchers
[ 3916.2s]   LHB vs RHP: 1472/1475 pitchers
[ 3916.7s]   LHB vs RHP: 1475/1475 pitchers
[ 3917.5s] RHB vs RHP: 359 hitters x 1481 pitchers
[ 4007.0s]   RHB vs RHP: 64/1481 pitchers
[ 4086.5s]   RHB vs RHP: 128/1481 pitchers
[ 4151.3s]   RHB vs RHP: 192/1481 pitchers
[ 4216.1s]   RHB vs RHP: 256/1481 pitchers
[ 4315.4s]   RHB vs RHP: 320/1481 pitchers
[ 4388.6s]   RHB vs RHP: 384/1481 pitchers
[ 4479.6s]   RHB vs RHP: 448/1481 pitchers
[ 4551.8s]   RHB vs RHP: 512/1481 pitchers
[ 4622.0s]   RHB vs RHP: 576/1481 pitchers
[ 4762.3s]   RHB vs RHP: 640/1481 pitchers
[ 4881.4s]   RHB vs RHP: 704/1481 pitchers
[ 4938.9s]   RHB vs RHP: 768/1481 pitchers
[ 5001.0s]   RHB vs RHP: 832/1481 pitchers
[ 5148.6s]   RHB vs RHP: 896/1481 pitchers
[ 5374.8s]   RHB vs RHP: 960/1481 pitchers
[ 5479.2s]   RHB vs RHP: 1024/1481 pitchers
[ 5591.4s]   RHB vs RHP: 1088/1481 pitchers
[ 5673.5s]   RHB vs RHP: 1152/1481 pitchers
[ 5722.0s]   RHB vs RHP: 1216/1481 pitchers
[ 5811.9s]   RHB vs RHP: 1280/1481 pitchers
[ 5900.6s]   RHB vs RHP: 1344/1481 pitchers
[ 5968.6s]   RHB vs RHP: 1408/1481 pitchers
[ 6065.7s]   RHB vs RHP: 1472/1481 pitchers
[ 6068.7s]   RHB vs RHP: 1481/1481 pitchers
[ 6069.2s] wrote results/phase_d/d5_predictions_o1_lr1e3_warm_s0.csv
[ 6071.3s] probe LHB vs LHP: 540 pitchers
[ 6100.3s] probe RHB vs LHP: 544 pitchers
[ 6111.4s] probe LHB vs RHP: 1475 pitchers
[ 6141.4s] probe RHB vs RHP: 1481 pitchers
[ 6155.7s] per-seed composition, seed 0
[ 6156.1s] probe LHB vs LHP: 540 pitchers
[ 6160.9s] probe RHB vs LHP: 544 pitchers
[ 6163.0s] probe LHB vs RHP: 1475 pitchers
[ 6168.7s] probe RHB vs RHP: 1481 pitchers
arm: o1_lr1e3_warm seeds: [0]
rows: 1279
pred_woba mean: 0.3161
pred_woba sd: 0.0321
backoff levels (exact, strikes, stand, empty): [40384, 6252, 1844, 14]
pitcher cells dropped: 14

-- unscored zero-row probe (§5.4) --
league_pred_woba: 0.3161  (seed spread 0.0000)
league_pred_woba_uniform: 0.3122  (seed spread 0.0000)
rate_bb: 0.0803  (seed spread 0.0000)
rate_k: 0.2299  (seed spread 0.0000)
rate_hbp: 0.0109  (seed spread 0.0000)
rate_bip: 0.6788  (seed spread 0.0000)
mass_ball_00: 0.3939  (seed spread 0.0000)
mass_strike_00: 0.3927  (seed spread 0.0000)
mass_hbp_00: 0.0025  (seed spread 0.0000)
mass_foul_00: 0.1070  (seed spread 0.0000)
mass_bip_00: 0.1039  (seed spread 0.0000)
mass_bip_points_00: 0.0400  (seed spread 0.0000)

-- SCORED league fidelity (§8), trained hitters, PA-weighted --
1074 hitters, 169589 plate appearances
  bb: 0.08290 vs 0.08042 observed  (+3.1% of 2% allowed)  FAIL
   k: 0.21400 vs 0.22338 observed  (-4.2% of 2% allowed)  FAIL
 hbp: 0.01072 vs 0.01049 observed  (+2.2% of 20% allowed)  PASS
 bip: 0.69238 vs 0.68571 observed  (+1.0% of 2% allowed)  PASS
fidelity: FAIL
bip joined to a PA outcome: 948226 of 948226 (100.0%)
contact split from: trained_head
wrote results/phase_d/d5_predictions_o1_lr1e3_warm_s0.csv
