stage d10: 40 runs pending, 79 already done
deadline 14:40; touch results/phase_d/STOP to stop after the current run
[18:40] baseline seed 0 ...
    ok in 53.8 min, ref 1.02584
[19:34] baseline seed 1 ...
    ok in 40.6 min, ref 1.02585
[20:15] baseline seed 2 ...
    ok in 28.9 min, ref 1.02578
[20:44] baseline seed 3 ...
    ok in 16.6 min, ref 1.02563
[21:00] baseline seed 4 ...
    ok in 9.1 min, ref 1.02590
[21:09] dim16 seed 0 ...
    ok in 100.4 min, ref 1.02619
[22:50] dim16 seed 1 ...
    ok in 89.5 min, ref 1.02652
[00:19] dim16 seed 2 ...
    ok in 55.9 min, ref 1.02661
[01:15] dim16 seed 3 ...
    ok in 138.6 min, ref 1.02669
[03:34] dim16 seed 4 ...
    ok in 93.5 min, ref 1.02666
[05:07] dim64 seed 0 ...
    ok in 67.6 min, ref 1.02656
[06:15] dim64 seed 1 ...
    ok in 75.9 min, ref 1.02585
[07:31] dim64 seed 2 ...
    ok in 110.7 min, ref 1.02613
[09:21] dim64 seed 3 ...
    ok in 91.9 min, ref 1.02583
[10:53] dim64 seed 4 ...
