epoch   0  train 1.05469  val 1.04771  ref 1.04771  lr 1.00e-03  emb_lr 1.00e+00  71s (719 steps)
epoch   1  train 1.01928  val 1.03921  ref 1.03921  lr 1.00e-03  emb_lr 1.00e+00  54s (719 steps)
epoch   2  train 1.01370  val 1.03597  ref 1.03597  lr 1.00e-03  emb_lr 1.00e+00  38s (719 steps)
epoch   3  train 1.01110  val 1.03447  ref 1.03447  lr 1.00e-03  emb_lr 1.00e+00  39s (719 steps)
epoch   4  train 1.00954  val 1.03345  ref 1.03345  lr 1.00e-03  emb_lr 1.00e+00  48s (719 steps)
epoch   5  train 1.00861  val 1.03343  ref 1.03343  lr 1.00e-03  emb_lr 1.00e+00  43s (719 steps)
epoch   6  train 1.00794  val 1.03162  ref 1.03162  lr 1.00e-03  emb_lr 1.00e+00  58s (719 steps)
epoch   7  train 1.00737  val 1.03111  ref 1.03111  lr 1.00e-03  emb_lr 1.00e+00  58s (719 steps)
epoch   8  train 1.00695  val 1.03199  ref 1.03199  lr 1.00e-03  emb_lr 1.00e+00  54s (719 steps)
epoch   9  train 1.00658  val 1.03127  ref 1.03127  lr 3.00e-04  emb_lr 3.00e-01  65s (719 steps)
epoch  10  train 1.00132  val 1.02679  ref 1.02679  lr 3.00e-04  emb_lr 3.00e-01  56s (719 steps)
epoch  11  train 1.00091  val 1.02754  ref 1.02754  lr 3.00e-04  emb_lr 3.00e-01  83s (719 steps)
epoch  12  train 1.00073  val 1.02723  ref 1.02723  lr 9.00e-05  emb_lr 9.00e-02  120s (719 steps)
epoch  13  train 0.99764  val 1.02501  ref 1.02501  lr 9.00e-05  emb_lr 9.00e-02  164s (719 steps)
epoch  14  train 0.99736  val 1.02468  ref 1.02468  lr 9.00e-05  emb_lr 9.00e-02  173s (719 steps)
epoch  15  train 0.99733  val 1.02480  ref 1.02480  lr 9.00e-05  emb_lr 9.00e-02  105s (719 steps)
epoch  16  train 0.99728  val 1.02513  ref 1.02513  lr 2.70e-05  emb_lr 2.70e-02  46s (719 steps)
epoch  17  train 0.99554  val 1.02404  ref 1.02404  lr 2.70e-05  emb_lr 2.70e-02  47s (719 steps)
epoch  18  train 0.99531  val 1.02406  ref 1.02406  lr 2.70e-05  emb_lr 2.70e-02  68s (719 steps)
epoch  19  train 0.99527  val 1.02407  ref 1.02407  lr 8.10e-06  emb_lr 8.10e-03  102s (719 steps)
epoch  20  train 0.99450  val 1.02383  ref 1.02383  lr 8.10e-06  emb_lr 8.10e-03  120s (719 steps)
epoch  21  train 0.99435  val 1.02388  ref 1.02388  lr 8.10e-06  emb_lr 8.10e-03  78s (719 steps)
epoch  22  train 0.99435  val 1.02383  ref 1.02383  lr 2.43e-06  emb_lr 2.43e-03  92s (719 steps)
epoch  23  train 0.99397  val 1.02376  ref 1.02376  lr 2.43e-06  emb_lr 2.43e-03  130s (719 steps)
epoch  24  train 0.99398  val 1.02378  ref 1.02378  lr 7.29e-07  emb_lr 7.29e-04  164s (719 steps)
epoch  25  train 0.99385  val 1.02378  ref 1.02378  lr 7.29e-07  emb_lr 7.29e-04  122s (719 steps)
epoch  26  train 0.99386  val 1.02378  ref 1.02378  lr 2.19e-07  emb_lr 2.19e-04  80s (719 steps)
early stop: 3 epochs without improvement
best val loss 1.02376 at epoch 23; reference 1.02376; checkpoint results/checkpoints/embedding_sgd_sgd_lr1_s0.pt
