epoch   0  train 1.05292  val 1.04664  ref 1.04664  lr 1.00e-03  emb_lr 1.00e+00  91s (719 steps)
epoch   1  train 1.01920  val 1.03811  ref 1.03811  lr 1.00e-03  emb_lr 1.00e+00  136s (719 steps)
epoch   2  train 1.01365  val 1.03583  ref 1.03583  lr 1.00e-03  emb_lr 1.00e+00  101s (719 steps)
epoch   3  train 1.01097  val 1.03502  ref 1.03502  lr 1.00e-03  emb_lr 1.00e+00  69s (719 steps)
epoch   4  train 1.00949  val 1.03383  ref 1.03383  lr 1.00e-03  emb_lr 1.00e+00  78s (719 steps)
epoch   5  train 1.00856  val 1.03317  ref 1.03317  lr 1.00e-03  emb_lr 1.00e+00  67s (719 steps)
epoch   6  train 1.00785  val 1.03178  ref 1.03178  lr 1.00e-03  emb_lr 1.00e+00  61s (719 steps)
epoch   7  train 1.00732  val 1.03387  ref 1.03387  lr 1.00e-03  emb_lr 1.00e+00  66s (719 steps)
epoch   8  train 1.00689  val 1.03173  ref 1.03173  lr 3.00e-04  emb_lr 3.00e-01  74s (719 steps)
epoch   9  train 1.00161  val 1.02712  ref 1.02712  lr 3.00e-04  emb_lr 3.00e-01  74s (719 steps)
epoch  10  train 1.00117  val 1.02760  ref 1.02760  lr 3.00e-04  emb_lr 3.00e-01  69s (719 steps)
epoch  11  train 1.00095  val 1.02776  ref 1.02776  lr 9.00e-05  emb_lr 9.00e-02  88s (719 steps)
epoch  12  train 0.99786  val 1.02467  ref 1.02467  lr 9.00e-05  emb_lr 9.00e-02  72s (719 steps)
epoch  13  train 0.99756  val 1.02500  ref 1.02500  lr 9.00e-05  emb_lr 9.00e-02  62s (719 steps)
epoch  14  train 0.99754  val 1.02556  ref 1.02556  lr 2.70e-05  emb_lr 2.70e-02  64s (719 steps)
epoch  15  train 0.99581  val 1.02428  ref 1.02428  lr 2.70e-05  emb_lr 2.70e-02  56s (719 steps)
epoch  16  train 0.99557  val 1.02411  ref 1.02411  lr 2.70e-05  emb_lr 2.70e-02  57s (719 steps)
epoch  17  train 0.99555  val 1.02431  ref 1.02431  lr 2.70e-05  emb_lr 2.70e-02  57s (719 steps)
epoch  18  train 0.99552  val 1.02416  ref 1.02416  lr 8.10e-06  emb_lr 8.10e-03  61s (719 steps)
epoch  19  train 0.99470  val 1.02406  ref 1.02406  lr 8.10e-06  emb_lr 8.10e-03  64s (719 steps)
epoch  20  train 0.99458  val 1.02393  ref 1.02393  lr 8.10e-06  emb_lr 8.10e-03  65s (719 steps)
epoch  21  train 0.99458  val 1.02399  ref 1.02399  lr 8.10e-06  emb_lr 8.10e-03  64s (719 steps)
epoch  22  train 0.99456  val 1.02409  ref 1.02409  lr 2.43e-06  emb_lr 2.43e-03  65s (719 steps)
epoch  23  train 0.99422  val 1.02399  ref 1.02399  lr 2.43e-06  emb_lr 2.43e-03  64s (719 steps)
early stop: 3 epochs without improvement
best val loss 1.02393 at epoch 20; reference 1.02393; checkpoint results/checkpoints/embedding_sgd_sgd_lr1_s2.pt
