epoch   0  train 1.05661  val 1.05003  ref 1.05003  lr 1.00e-03  emb_lr 3.00e+00  60s (719 steps)
epoch   1  train 1.02254  val 1.04244  ref 1.04244  lr 1.00e-03  emb_lr 3.00e+00  70s (719 steps)
epoch   2  train 1.01725  val 1.03866  ref 1.03866  lr 1.00e-03  emb_lr 3.00e+00  52s (719 steps)
epoch   3  train 1.01470  val 1.03781  ref 1.03781  lr 1.00e-03  emb_lr 3.00e+00  49s (719 steps)
epoch   4  train 1.01329  val 1.03603  ref 1.03603  lr 1.00e-03  emb_lr 3.00e+00  49s (719 steps)
epoch   5  train 1.01246  val 1.03666  ref 1.03666  lr 1.00e-03  emb_lr 3.00e+00  47s (719 steps)
epoch   6  train 1.01180  val 1.03530  ref 1.03530  lr 1.00e-03  emb_lr 3.00e+00  49s (719 steps)
epoch   7  train 1.01135  val 1.03410  ref 1.03410  lr 1.00e-03  emb_lr 3.00e+00  49s (719 steps)
epoch   8  train 1.01095  val 1.03517  ref 1.03517  lr 1.00e-03  emb_lr 3.00e+00  48s (719 steps)
epoch   9  train 1.01064  val 1.03443  ref 1.03443  lr 3.00e-04  emb_lr 9.00e-01  47s (719 steps)
epoch  10  train 1.00465  val 1.02943  ref 1.02943  lr 3.00e-04  emb_lr 9.00e-01  47s (719 steps)
epoch  11  train 1.00422  val 1.03015  ref 1.03015  lr 3.00e-04  emb_lr 9.00e-01  48s (719 steps)
epoch  12  train 1.00404  val 1.02982  ref 1.02982  lr 9.00e-05  emb_lr 2.70e-01  48s (719 steps)
epoch  13  train 1.00032  val 1.02674  ref 1.02674  lr 9.00e-05  emb_lr 2.70e-01  48s (719 steps)
epoch  14  train 1.00011  val 1.02634  ref 1.02634  lr 9.00e-05  emb_lr 2.70e-01  48s (719 steps)
epoch  15  train 1.00004  val 1.02640  ref 1.02640  lr 9.00e-05  emb_lr 2.70e-01  47s (719 steps)
epoch  16  train 0.99997  val 1.02665  ref 1.02665  lr 2.70e-05  emb_lr 8.10e-02  54s (719 steps)
epoch  17  train 0.99768  val 1.02476  ref 1.02476  lr 2.70e-05  emb_lr 8.10e-02  47s (719 steps)
epoch  18  train 0.99748  val 1.02480  ref 1.02480  lr 2.70e-05  emb_lr 8.10e-02  46s (719 steps)
epoch  19  train 0.99744  val 1.02491  ref 1.02491  lr 8.10e-06  emb_lr 2.43e-02  48s (719 steps)
epoch  20  train 0.99631  val 1.02428  ref 1.02428  lr 8.10e-06  emb_lr 2.43e-02  47s (719 steps)
epoch  21  train 0.99608  val 1.02430  ref 1.02430  lr 8.10e-06  emb_lr 2.43e-02  47s (719 steps)
epoch  22  train 0.99612  val 1.02420  ref 1.02420  lr 2.43e-06  emb_lr 7.29e-03  46s (719 steps)
epoch  23  train 0.99555  val 1.02409  ref 1.02409  lr 2.43e-06  emb_lr 7.29e-03  49s (719 steps)
epoch  24  train 0.99551  val 1.02410  ref 1.02410  lr 2.43e-06  emb_lr 7.29e-03  44s (719 steps)
epoch  25  train 0.99549  val 1.02416  ref 1.02416  lr 7.29e-07  emb_lr 2.19e-03  43s (719 steps)
epoch  26  train 0.99526  val 1.02411  ref 1.02411  lr 7.29e-07  emb_lr 2.19e-03  43s (719 steps)
early stop: 3 epochs without improvement
best val loss 1.02409 at epoch 23; reference 1.02409; checkpoint results/checkpoints/embedding_sgd_sgd_lr3_s0.pt
