epoch   0  train 1.05338  val 1.04758  ref 1.04758  lr 1.00e-03  emb_lr 1.00e+00  171s (719 steps)
epoch   1  train 1.01945  val 1.03977  ref 1.03977  lr 1.00e-03  emb_lr 1.00e+00  102s (719 steps)
epoch   2  train 1.01374  val 1.03792  ref 1.03792  lr 1.00e-03  emb_lr 1.00e+00  65s (719 steps)
epoch   3  train 1.01109  val 1.03372  ref 1.03372  lr 1.00e-03  emb_lr 1.00e+00  116s (719 steps)
epoch   4  train 1.00952  val 1.03279  ref 1.03279  lr 1.00e-03  emb_lr 1.00e+00  64s (719 steps)
epoch   5  train 1.00854  val 1.03255  ref 1.03255  lr 1.00e-03  emb_lr 1.00e+00  85s (719 steps)
epoch   6  train 1.00786  val 1.03166  ref 1.03166  lr 1.00e-03  emb_lr 1.00e+00  134s (719 steps)
epoch   7  train 1.00730  val 1.03194  ref 1.03194  lr 1.00e-03  emb_lr 1.00e+00  101s (719 steps)
epoch   8  train 1.00684  val 1.03182  ref 1.03182  lr 3.00e-04  emb_lr 3.00e-01  136s (719 steps)
epoch   9  train 1.00152  val 1.02724  ref 1.02724  lr 3.00e-04  emb_lr 3.00e-01  108s (719 steps)
epoch  10  train 1.00110  val 1.02760  ref 1.02760  lr 3.00e-04  emb_lr 3.00e-01  110s (719 steps)
epoch  11  train 1.00093  val 1.02735  ref 1.02735  lr 9.00e-05  emb_lr 9.00e-02  170s (719 steps)
epoch  12  train 0.99771  val 1.02498  ref 1.02498  lr 9.00e-05  emb_lr 9.00e-02  101s (719 steps)
epoch  13  train 0.99746  val 1.02517  ref 1.02517  lr 9.00e-05  emb_lr 9.00e-02  109s (719 steps)
epoch  14  train 0.99744  val 1.02535  ref 1.02535  lr 2.70e-05  emb_lr 2.70e-02  137s (719 steps)
epoch  15  train 0.99575  val 1.02427  ref 1.02427  lr 2.70e-05  emb_lr 2.70e-02  111s (719 steps)
epoch  16  train 0.99547  val 1.02418  ref 1.02418  lr 2.70e-05  emb_lr 2.70e-02  67s (719 steps)
epoch  17  train 0.99550  val 1.02408  ref 1.02408  lr 2.70e-05  emb_lr 2.70e-02  84s (719 steps)
epoch  18  train 0.99550  val 1.02427  ref 1.02427  lr 2.70e-05  emb_lr 2.70e-02  436s (719 steps)
epoch  19  train 0.99543  val 1.02413  ref 1.02413  lr 8.10e-06  emb_lr 8.10e-03  480s (719 steps)
epoch  20  train 0.99457  val 1.02387  ref 1.02387  lr 8.10e-06  emb_lr 8.10e-03  170s (719 steps)
epoch  21  train 0.99446  val 1.02389  ref 1.02389  lr 8.10e-06  emb_lr 8.10e-03  53s (719 steps)
epoch  22  train 0.99443  val 1.02396  ref 1.02396  lr 2.43e-06  emb_lr 2.43e-03  48s (719 steps)
epoch  23  train 0.99408  val 1.02390  ref 1.02390  lr 2.43e-06  emb_lr 2.43e-03  51s (719 steps)
early stop: 3 epochs without improvement
best val loss 1.02387 at epoch 20; reference 1.02387; checkpoint results/checkpoints/embedding_sgd_sgd_lr1_s1.pt
