epoch   0  train 1.05353  val 1.04699  ref 1.04699  lr 1.00e-03  emb_lr 1.00e+00  64s (719 steps)
epoch   1  train 1.01920  val 1.03893  ref 1.03893  lr 1.00e-03  emb_lr 1.00e+00  62s (719 steps)
epoch   2  train 1.01362  val 1.03596  ref 1.03596  lr 1.00e-03  emb_lr 1.00e+00  64s (719 steps)
epoch   3  train 1.01102  val 1.03392  ref 1.03392  lr 1.00e-03  emb_lr 1.00e+00  64s (719 steps)
epoch   4  train 1.00953  val 1.03464  ref 1.03464  lr 1.00e-03  emb_lr 1.00e+00  62s (719 steps)
epoch   5  train 1.00867  val 1.03377  ref 1.03377  lr 1.00e-03  emb_lr 1.00e+00  63s (719 steps)
epoch   6  train 1.00794  val 1.03321  ref 1.03321  lr 1.00e-03  emb_lr 1.00e+00  62s (719 steps)
epoch   7  train 1.00737  val 1.03201  ref 1.03201  lr 1.00e-03  emb_lr 1.00e+00  66s (719 steps)
epoch   8  train 1.00696  val 1.03216  ref 1.03216  lr 1.00e-03  emb_lr 1.00e+00  65s (719 steps)
epoch   9  train 1.00657  val 1.03157  ref 1.03157  lr 1.00e-03  emb_lr 1.00e+00  64s (719 steps)
epoch  10  train 1.00621  val 1.03235  ref 1.03235  lr 1.00e-03  emb_lr 1.00e+00  62s (719 steps)
epoch  11  train 1.00598  val 1.03113  ref 1.03113  lr 1.00e-03  emb_lr 1.00e+00  62s (719 steps)
epoch  12  train 1.00572  val 1.03108  ref 1.03108  lr 1.00e-03  emb_lr 1.00e+00  63s (719 steps)
epoch  13  train 1.00554  val 1.03161  ref 1.03161  lr 3.00e-04  emb_lr 3.00e-01  61s (719 steps)
epoch  14  train 1.00011  val 1.02686  ref 1.02686  lr 3.00e-04  emb_lr 3.00e-01  62s (719 steps)
epoch  15  train 0.99975  val 1.02697  ref 1.02697  lr 3.00e-04  emb_lr 3.00e-01  64s (719 steps)
epoch  16  train 0.99965  val 1.02808  ref 1.02808  lr 9.00e-05  emb_lr 9.00e-02  62s (719 steps)
epoch  17  train 0.99650  val 1.02472  ref 1.02472  lr 9.00e-05  emb_lr 9.00e-02  63s (719 steps)
epoch  18  train 0.99620  val 1.02484  ref 1.02484  lr 9.00e-05  emb_lr 9.00e-02  62s (719 steps)
epoch  19  train 0.99616  val 1.02506  ref 1.02506  lr 2.70e-05  emb_lr 2.70e-02  66s (719 steps)
epoch  20  train 0.99448  val 1.02398  ref 1.02398  lr 2.70e-05  emb_lr 2.70e-02  64s (719 steps)
epoch  21  train 0.99422  val 1.02389  ref 1.02389  lr 2.70e-05  emb_lr 2.70e-02  67s (719 steps)
epoch  22  train 0.99420  val 1.02379  ref 1.02379  lr 2.70e-05  emb_lr 2.70e-02  66s (719 steps)
epoch  23  train 0.99419  val 1.02393  ref 1.02393  lr 2.70e-05  emb_lr 2.70e-02  63s (719 steps)
epoch  24  train 0.99416  val 1.02397  ref 1.02397  lr 8.10e-06  emb_lr 8.10e-03  59s (719 steps)
epoch  25  train 0.99334  val 1.02381  ref 1.02381  lr 8.10e-06  emb_lr 8.10e-03  57s (719 steps)
early stop: 3 epochs without improvement
best val loss 1.02379 at epoch 22; reference 1.02379; checkpoint results/checkpoints/embedding_sgd_sgd_lr1_s3.pt
