epoch   0  train 1.06064  val 1.05350  ref 1.05350  lr 1.00e-03  emb_lr 1.00e+01  49s (719 steps)
epoch   1  train 1.02741  val 1.04615  ref 1.04615  lr 1.00e-03  emb_lr 1.00e+01  48s (719 steps)
epoch   2  train 1.02233  val 1.04270  ref 1.04270  lr 1.00e-03  emb_lr 1.00e+01  45s (719 steps)
epoch   3  train 1.02000  val 1.04219  ref 1.04219  lr 1.00e-03  emb_lr 1.00e+01  44s (719 steps)
epoch   4  train 1.01874  val 1.04079  ref 1.04079  lr 1.00e-03  emb_lr 1.00e+01  44s (719 steps)
epoch   5  train 1.01794  val 1.04057  ref 1.04057  lr 1.00e-03  emb_lr 1.00e+01  45s (719 steps)
epoch   6  train 1.01738  val 1.03943  ref 1.03943  lr 1.00e-03  emb_lr 1.00e+01  47s (719 steps)
epoch   7  train 1.01693  val 1.03838  ref 1.03838  lr 1.00e-03  emb_lr 1.00e+01  46s (719 steps)
epoch   8  train 1.01657  val 1.03950  ref 1.03950  lr 1.00e-03  emb_lr 1.00e+01  47s (719 steps)
epoch   9  train 1.01630  val 1.03790  ref 1.03790  lr 1.00e-03  emb_lr 1.00e+01  47s (719 steps)
epoch  10  train 1.01608  val 1.03787  ref 1.03787  lr 1.00e-03  emb_lr 1.00e+01  44s (719 steps)
epoch  11  train 1.01589  val 1.03931  ref 1.03931  lr 3.00e-04  emb_lr 3.00e+00  47s (719 steps)
epoch  12  train 1.00901  val 1.03341  ref 1.03341  lr 3.00e-04  emb_lr 3.00e+00  45s (719 steps)
epoch  13  train 1.00855  val 1.03349  ref 1.03349  lr 3.00e-04  emb_lr 3.00e+00  45s (719 steps)
epoch  14  train 1.00835  val 1.03289  ref 1.03289  lr 3.00e-04  emb_lr 3.00e+00  46s (719 steps)
epoch  15  train 1.00820  val 1.03259  ref 1.03259  lr 3.00e-04  emb_lr 3.00e+00  49s (719 steps)
epoch  16  train 1.00811  val 1.03375  ref 1.03375  lr 3.00e-04  emb_lr 3.00e+00  48s (719 steps)
epoch  17  train 1.00800  val 1.03253  ref 1.03253  lr 9.00e-05  emb_lr 9.00e-01  46s (719 steps)
epoch  18  train 1.00334  val 1.02914  ref 1.02914  lr 9.00e-05  emb_lr 9.00e-01  46s (719 steps)
epoch  19  train 1.00312  val 1.02917  ref 1.02917  lr 9.00e-05  emb_lr 9.00e-01  48s (719 steps)
epoch  20  train 1.00310  val 1.02912  ref 1.02912  lr 2.70e-05  emb_lr 2.70e-01  47s (719 steps)
epoch  21  train 1.00018  val 1.02654  ref 1.02654  lr 2.70e-05  emb_lr 2.70e-01  48s (719 steps)
epoch  22  train 1.00006  val 1.02646  ref 1.02646  lr 2.70e-05  emb_lr 2.70e-01  45s (719 steps)
epoch  23  train 0.99998  val 1.02648  ref 1.02648  lr 8.10e-06  emb_lr 8.10e-02  46s (719 steps)
epoch  24  train 0.99836  val 1.02508  ref 1.02508  lr 8.10e-06  emb_lr 8.10e-02  47s (719 steps)
epoch  25  train 0.99815  val 1.02533  ref 1.02533  lr 8.10e-06  emb_lr 8.10e-02  46s (719 steps)
epoch  26  train 0.99815  val 1.02505  ref 1.02505  lr 2.43e-06  emb_lr 2.43e-02  46s (719 steps)
epoch  27  train 0.99737  val 1.02486  ref 1.02486  lr 2.43e-06  emb_lr 2.43e-02  48s (719 steps)
epoch  28  train 0.99722  val 1.02472  ref 1.02472  lr 2.43e-06  emb_lr 2.43e-02  47s (719 steps)
epoch  29  train 0.99720  val 1.02482  ref 1.02482  lr 2.43e-06  emb_lr 2.43e-02  45s (719 steps)
epoch  30  train 0.99719  val 1.02477  ref 1.02477  lr 7.29e-07  emb_lr 7.29e-03  47s (719 steps)
epoch  31  train 0.99685  val 1.02470  ref 1.02470  lr 7.29e-07  emb_lr 7.29e-03  48s (719 steps)
epoch  32  train 0.99682  val 1.02471  ref 1.02471  lr 2.19e-07  emb_lr 2.19e-03  49s (719 steps)
epoch  33  train 0.99664  val 1.02470  ref 1.02470  lr 2.19e-07  emb_lr 2.19e-03  45s (719 steps)
epoch  34  train 0.99663  val 1.02470  ref 1.02470  lr 6.56e-08  emb_lr 6.56e-04  49s (719 steps)
early stop: 3 epochs without improvement
best val loss 1.02470 at epoch 31; reference 1.02470; checkpoint results/checkpoints/embedding_sgd_sgd_lr10_s0.pt
