epoch   0  train 1.05308  val 1.04781  ref 1.04781  lr 1.00e-03  emb_lr 1.00e+00  55s (719 steps)
epoch   1  train 1.01909  val 1.03888  ref 1.03888  lr 1.00e-03  emb_lr 1.00e+00  64s (719 steps)
epoch   2  train 1.01364  val 1.03639  ref 1.03639  lr 1.00e-03  emb_lr 1.00e+00  63s (719 steps)
epoch   3  train 1.01087  val 1.03370  ref 1.03370  lr 1.00e-03  emb_lr 1.00e+00  67s (719 steps)
epoch   4  train 1.00941  val 1.03253  ref 1.03253  lr 1.00e-03  emb_lr 1.00e+00  62s (719 steps)
epoch   5  train 1.00835  val 1.03176  ref 1.03176  lr 1.00e-03  emb_lr 1.00e+00  64s (719 steps)
epoch   6  train 1.00771  val 1.03183  ref 1.03183  lr 1.00e-03  emb_lr 1.00e+00  64s (719 steps)
epoch   7  train 1.00718  val 1.03265  ref 1.03265  lr 3.00e-04  emb_lr 3.00e-01  65s (719 steps)
epoch   8  train 1.00182  val 1.02716  ref 1.02716  lr 3.00e-04  emb_lr 3.00e-01  68s (719 steps)
epoch   9  train 1.00142  val 1.02765  ref 1.02765  lr 3.00e-04  emb_lr 3.00e-01  66s (719 steps)
epoch  10  train 1.00116  val 1.02749  ref 1.02749  lr 9.00e-05  emb_lr 9.00e-02  64s (719 steps)
epoch  11  train 0.99799  val 1.02534  ref 1.02534  lr 9.00e-05  emb_lr 9.00e-02  63s (719 steps)
epoch  12  train 0.99773  val 1.02525  ref 1.02525  lr 9.00e-05  emb_lr 9.00e-02  63s (719 steps)
epoch  13  train 0.99774  val 1.02545  ref 1.02545  lr 2.70e-05  emb_lr 2.70e-02  60s (719 steps)
epoch  14  train 0.99597  val 1.02423  ref 1.02423  lr 2.70e-05  emb_lr 2.70e-02  60s (719 steps)
epoch  15  train 0.99575  val 1.02415  ref 1.02415  lr 2.70e-05  emb_lr 2.70e-02  73s (719 steps)
epoch  16  train 0.99573  val 1.02428  ref 1.02428  lr 8.10e-06  emb_lr 8.10e-03  58s (719 steps)
epoch  17  train 0.99492  val 1.02400  ref 1.02400  lr 8.10e-06  emb_lr 8.10e-03  58s (719 steps)
epoch  18  train 0.99480  val 1.02400  ref 1.02400  lr 8.10e-06  emb_lr 8.10e-03  58s (719 steps)
epoch  19  train 0.99478  val 1.02406  ref 1.02406  lr 2.43e-06  emb_lr 2.43e-03  59s (719 steps)
epoch  20  train 0.99440  val 1.02398  ref 1.02398  lr 2.43e-06  emb_lr 2.43e-03  105s (719 steps)
epoch  21  train 0.99439  val 1.02398  ref 1.02398  lr 7.29e-07  emb_lr 7.29e-04  51s (719 steps)
epoch  22  train 0.99429  val 1.02398  ref 1.02398  lr 7.29e-07  emb_lr 7.29e-04  61s (719 steps)
epoch  23  train 0.99429  val 1.02397  ref 1.02397  lr 2.19e-07  emb_lr 2.19e-04  69s (719 steps)
epoch  24  train 0.99423  val 1.02398  ref 1.02398  lr 2.19e-07  emb_lr 2.19e-04  70s (719 steps)
epoch  25  train 0.99423  val 1.02398  ref 1.02398  lr 6.56e-08  emb_lr 6.56e-05  68s (719 steps)
epoch  26  train 0.99421  val 1.02398  ref 1.02398  lr 6.56e-08  emb_lr 6.56e-05  69s (719 steps)
early stop: 3 epochs without improvement
best val loss 1.02397 at epoch 23; reference 1.02397; checkpoint results/checkpoints/embedding_sgd_sgd_lr1_s4.pt
