epoch   0  train 1.05375  val 1.04557  ref 1.04557  lr 1.00e-03  emb_lr 1.00e+00  52s (719 steps)
epoch   1  train 1.01546  val 1.03652  ref 1.03652  lr 1.00e-03  emb_lr 1.00e+00  60s (719 steps)
epoch   2  train 1.00853  val 1.03218  ref 1.03218  lr 1.00e-03  emb_lr 1.00e+00  55s (719 steps)
epoch   3  train 1.00520  val 1.03130  ref 1.03130  lr 1.00e-03  emb_lr 1.00e+00  53s (719 steps)
epoch   4  train 1.00310  val 1.02931  ref 1.02931  lr 1.00e-03  emb_lr 1.00e+00  50s (719 steps)
epoch   5  train 1.00175  val 1.02843  ref 1.02843  lr 1.00e-03  emb_lr 1.00e+00  51s (719 steps)
epoch   6  train 1.00079  val 1.02853  ref 1.02853  lr 1.00e-03  emb_lr 1.00e+00  53s (719 steps)
epoch   7  train 1.00001  val 1.02832  ref 1.02832  lr 1.00e-03  emb_lr 1.00e+00  50s (719 steps)
epoch   8  train 0.99938  val 1.02754  ref 1.02754  lr 1.00e-03  emb_lr 1.00e+00  82s (719 steps)
epoch   9  train 0.99877  val 1.02691  ref 1.02691  lr 1.00e-03  emb_lr 1.00e+00  52s (719 steps)
epoch  10  train 0.99836  val 1.02735  ref 1.02735  lr 1.00e-03  emb_lr 1.00e+00  53s (719 steps)
epoch  11  train 0.99791  val 1.02809  ref 1.02809  lr 3.00e-04  emb_lr 3.00e-01  58s (719 steps)
epoch  12  train 0.99440  val 1.02657  ref 1.02657  lr 3.00e-04  emb_lr 3.00e-01  53s (719 steps)
epoch  13  train 0.99383  val 1.02632  ref 1.02632  lr 3.00e-04  emb_lr 3.00e-01  70s (719 steps)
epoch  14  train 0.99361  val 1.02654  ref 1.02654  lr 3.00e-04  emb_lr 3.00e-01  62s (719 steps)
epoch  15  train 0.99342  val 1.02646  ref 1.02646  lr 9.00e-05  emb_lr 9.00e-02  45s (719 steps)
epoch  16  train 0.99203  val 1.02630  ref 1.02630  lr 9.00e-05  emb_lr 9.00e-02  49s (719 steps)
epoch  17  train 0.99185  val 1.02618  ref 1.02618  lr 9.00e-05  emb_lr 9.00e-02  55s (719 steps)
epoch  18  train 0.99179  val 1.02628  ref 1.02628  lr 9.00e-05  emb_lr 9.00e-02  55s (719 steps)
epoch  19  train 0.99168  val 1.02628  ref 1.02628  lr 2.70e-05  emb_lr 2.70e-02  52s (719 steps)
epoch  20  train 0.99119  val 1.02623  ref 1.02623  lr 2.70e-05  emb_lr 2.70e-02  54s (719 steps)
early stop: 3 epochs without improvement
best val loss 1.02618 at epoch 17; reference 1.02618; checkpoint results/checkpoints/embedding_sgd_nodecay_sgd_lr1_nodecay_s0.pt
