warmup: linear over 719 steps to lr 3.00e-04 (first step at lr 4.17e-07)
warmup: complete after 719 steps
epoch   0  train 1.14229  val 1.08585  ref 1.08585  lr 3.00e-04  32s (719 steps)
epoch   1  train 1.05217  val 1.06014  ref 1.06014  lr 3.00e-04  40s (719 steps)
epoch   2  train 1.03194  val 1.04875  ref 1.04875  lr 3.00e-04  32s (719 steps)
epoch   3  train 1.02329  val 1.04352  ref 1.04352  lr 3.00e-04  31s (719 steps)
epoch   4  train 1.01792  val 1.03990  ref 1.03990  lr 3.00e-04  30s (719 steps)
epoch   5  train 1.01425  val 1.03735  ref 1.03735  lr 3.00e-04  37s (719 steps)
epoch   6  train 1.01170  val 1.03462  ref 1.03462  lr 3.00e-04  29s (719 steps)
epoch   7  train 1.00949  val 1.03322  ref 1.03322  lr 3.00e-04  60s (719 steps)
epoch   8  train 1.00774  val 1.03248  ref 1.03248  lr 3.00e-04  46s (719 steps)
epoch   9  train 1.00633  val 1.03190  ref 1.03190  lr 3.00e-04  30s (719 steps)
epoch  10  train 1.00520  val 1.03038  ref 1.03038  lr 3.00e-04  93s (719 steps)
epoch  11  train 1.00429  val 1.03017  ref 1.03017  lr 3.00e-04  37s (719 steps)
epoch  12  train 1.00356  val 1.03003  ref 1.03003  lr 3.00e-04  44s (719 steps)
epoch  13  train 1.00282  val 1.02929  ref 1.02929  lr 3.00e-04  35s (719 steps)
epoch  14  train 1.00226  val 1.02872  ref 1.02872  lr 3.00e-04  39s (719 steps)
epoch  15  train 1.00173  val 1.02870  ref 1.02870  lr 3.00e-04  30s (719 steps)
epoch  16  train 1.00123  val 1.02845  ref 1.02845  lr 3.00e-04  31s (719 steps)
epoch  17  train 1.00083  val 1.02930  ref 1.02930  lr 3.00e-04  31s (719 steps)
epoch  18  train 1.00038  val 1.02772  ref 1.02772  lr 3.00e-04  32s (719 steps)
epoch  19  train 0.99999  val 1.02744  ref 1.02744  lr 3.00e-04  32s (719 steps)
epoch  20  train 0.99961  val 1.02745  ref 1.02745  lr 3.00e-04  30s (719 steps)
epoch  21  train 0.99921  val 1.02893  ref 1.02893  lr 9.00e-05  29s (719 steps)
epoch  22  train 0.99792  val 1.02720  ref 1.02720  lr 9.00e-05  29s (719 steps)
epoch  23  train 0.99773  val 1.02695  ref 1.02695  lr 9.00e-05  30s (719 steps)
epoch  24  train 0.99761  val 1.02699  ref 1.02699  lr 9.00e-05  30s (719 steps)
epoch  25  train 0.99753  val 1.02719  ref 1.02719  lr 2.70e-05  33s (719 steps)
epoch  26  train 0.99701  val 1.02685  ref 1.02685  lr 2.70e-05  32s (719 steps)
epoch  27  train 0.99698  val 1.02657  ref 1.02657  lr 2.70e-05  32s (719 steps)
epoch  28  train 0.99695  val 1.02679  ref 1.02679  lr 2.70e-05  35s (719 steps)
epoch  29  train 0.99694  val 1.02666  ref 1.02666  lr 8.10e-06  49s (719 steps)
epoch  30  train 0.99674  val 1.02670  ref 1.02670  lr 8.10e-06  48s (719 steps)
early stop: 3 epochs without improvement
best val loss 1.02657 at epoch 27; reference 1.02657; checkpoint results/checkpoints/selection_lr3e4_warm_s1.pt
