warmup: linear over 719 steps to lr 1.00e-03 (first step at lr 1.39e-06)
warmup: complete after 719 steps
epoch   0  train 1.10659  val 1.06374  ref 1.06374  lr 1.00e-03  34s (719 steps)
epoch   1  train 1.02501  val 1.04001  ref 1.04001  lr 1.00e-03  42s (719 steps)
epoch   2  train 1.01287  val 1.03398  ref 1.03398  lr 1.00e-03  31s (719 steps)
epoch   3  train 1.00809  val 1.03254  ref 1.03254  lr 1.00e-03  33s (719 steps)
epoch   4  train 1.00515  val 1.03029  ref 1.03029  lr 1.00e-03  35s (719 steps)
epoch   5  train 1.00335  val 1.02938  ref 1.02938  lr 1.00e-03  38s (719 steps)
epoch   6  train 1.00191  val 1.02848  ref 1.02848  lr 1.00e-03  32s (719 steps)
epoch   7  train 1.00077  val 1.02749  ref 1.02749  lr 1.00e-03  31s (719 steps)
epoch   8  train 0.99983  val 1.02702  ref 1.02702  lr 1.00e-03  108s (719 steps)
epoch   9  train 0.99895  val 1.02673  ref 1.02673  lr 1.00e-03  55s (719 steps)
epoch  10  train 0.99827  val 1.02692  ref 1.02692  lr 1.00e-03  57s (719 steps)
epoch  11  train 0.99767  val 1.02783  ref 1.02783  lr 3.00e-04  61s (719 steps)
epoch  12  train 0.99489  val 1.02624  ref 1.02624  lr 3.00e-04  60s (719 steps)
epoch  13  train 0.99446  val 1.02618  ref 1.02618  lr 3.00e-04  146s (719 steps)
epoch  14  train 0.99425  val 1.02603  ref 1.02603  lr 3.00e-04  50s (719 steps)
epoch  15  train 0.99402  val 1.02607  ref 1.02607  lr 3.00e-04  74s (719 steps)
epoch  16  train 0.99382  val 1.02582  ref 1.02582  lr 3.00e-04  81s (719 steps)
epoch  17  train 0.99364  val 1.02567  ref 1.02567  lr 3.00e-04  49s (719 steps)
epoch  18  train 0.99347  val 1.02670  ref 1.02670  lr 3.00e-04  75s (719 steps)
epoch  19  train 0.99329  val 1.02577  ref 1.02577  lr 9.00e-05  39s (719 steps)
epoch  20  train 0.99220  val 1.02588  ref 1.02588  lr 9.00e-05  43s (719 steps)
early stop: 3 epochs without improvement
best val loss 1.02567 at epoch 17; reference 1.02567; checkpoint results/checkpoints/selection_lr1e3_warm_s0.pt
