warmup: linear over 2000 steps to lr 1.00e-03 (first step at lr 5.00e-07)
epoch   0  train 1.13614  val 1.08357  ref 1.08357  lr 3.60e-04  100s (719 steps)
epoch   1  train 1.04443  val 1.05335  ref 1.05335  lr 7.19e-04  125s (719 steps)
warmup: complete after 2000 steps
epoch   2  train 1.02185  val 1.04233  ref 1.04233  lr 1.00e-03  3360s (719 steps)
epoch   3  train 1.01232  val 1.03408  ref 1.03408  lr 1.00e-03  439s (719 steps)
epoch   4  train 1.00765  val 1.03149  ref 1.03149  lr 1.00e-03  286s (719 steps)
epoch   5  train 1.00502  val 1.03028  ref 1.03028  lr 1.00e-03  197s (719 steps)
epoch   6  train 1.00333  val 1.02844  ref 1.02844  lr 1.00e-03  156s (719 steps)
epoch   7  train 1.00199  val 1.02834  ref 1.02834  lr 1.00e-03  188s (719 steps)
epoch   8  train 1.00088  val 1.02950  ref 1.02950  lr 3.00e-04  137s (719 steps)
epoch   9  train 0.99786  val 1.02651  ref 1.02651  lr 3.00e-04  291s (719 steps)
epoch  10  train 0.99734  val 1.02673  ref 1.02673  lr 3.00e-04  498s (719 steps)
epoch  11  train 0.99699  val 1.02663  ref 1.02663  lr 9.00e-05  271s (719 steps)
epoch  12  train 0.99584  val 1.02624  ref 1.02624  lr 9.00e-05  173s (719 steps)
epoch  13  train 0.99569  val 1.02611  ref 1.02611  lr 9.00e-05  173s (719 steps)
epoch  14  train 0.99559  val 1.02610  ref 1.02610  lr 9.00e-05  181s (719 steps)
epoch  15  train 0.99550  val 1.02623  ref 1.02623  lr 2.70e-05  95s (719 steps)
epoch  16  train 0.99507  val 1.02608  ref 1.02608  lr 2.70e-05  98s (719 steps)
epoch  17  train 0.99505  val 1.02603  ref 1.02603  lr 8.10e-06  129s (719 steps)
epoch  18  train 0.99493  val 1.02596  ref 1.02596  lr 8.10e-06  134s (719 steps)
epoch  19  train 0.99492  val 1.02598  ref 1.02598  lr 8.10e-06  88s (719 steps)
epoch  20  train 0.99488  val 1.02597  ref 1.02597  lr 2.43e-06  108s (719 steps)
epoch  21  train 0.99483  val 1.02598  ref 1.02598  lr 2.43e-06  85s (719 steps)
early stop: 3 epochs without improvement
best val loss 1.02596 at epoch 18; reference 1.02596; checkpoint results/checkpoints/selection_lr1e3_warm2k_s1.pt
