warmup: linear over 719 steps to lr 1.00e-03 (first step at lr 1.39e-06)
warmup: complete after 719 steps
epoch   0  train 1.10517  val 1.06029  ref 1.06029  lr 1.00e-03  76s (719 steps)
epoch   1  train 1.02476  val 1.04044  ref 1.04044  lr 1.00e-03  48s (719 steps)
epoch   2  train 1.01281  val 1.03938  ref 1.03938  lr 1.00e-03  44s (719 steps)
epoch   3  train 1.00787  val 1.03234  ref 1.03234  lr 1.00e-03  42s (719 steps)
epoch   4  train 1.00508  val 1.03022  ref 1.03022  lr 1.00e-03  47s (719 steps)
epoch   5  train 1.00324  val 1.03036  ref 1.03036  lr 1.00e-03  54s (719 steps)
epoch   6  train 1.00185  val 1.02764  ref 1.02764  lr 1.00e-03  80s (719 steps)
epoch   7  train 1.00070  val 1.02813  ref 1.02813  lr 1.00e-03  66s (719 steps)
epoch   8  train 0.99977  val 1.02837  ref 1.02837  lr 3.00e-04  59s (719 steps)
epoch   9  train 0.99681  val 1.02631  ref 1.02631  lr 3.00e-04  77s (719 steps)
epoch  10  train 0.99634  val 1.02637  ref 1.02637  lr 3.00e-04  33s (719 steps)
epoch  11  train 0.99605  val 1.02645  ref 1.02645  lr 9.00e-05  33s (719 steps)
epoch  12  train 0.99492  val 1.02621  ref 1.02621  lr 9.00e-05  41s (719 steps)
epoch  13  train 0.99480  val 1.02601  ref 1.02601  lr 9.00e-05  79s (719 steps)
epoch  14  train 0.99471  val 1.02597  ref 1.02597  lr 9.00e-05  52s (719 steps)
epoch  15  train 0.99462  val 1.02617  ref 1.02617  lr 2.70e-05  64s (719 steps)
epoch  16  train 0.99424  val 1.02596  ref 1.02596  lr 2.70e-05  54s (719 steps)
epoch  17  train 0.99420  val 1.02593  ref 1.02593  lr 8.10e-06  51s (719 steps)
epoch  18  train 0.99409  val 1.02585  ref 1.02585  lr 8.10e-06  54s (719 steps)
epoch  19  train 0.99406  val 1.02589  ref 1.02589  lr 8.10e-06  66s (719 steps)
epoch  20  train 0.99403  val 1.02587  ref 1.02587  lr 2.43e-06  56s (719 steps)
epoch  21  train 0.99399  val 1.02591  ref 1.02591  lr 2.43e-06  50s (719 steps)
early stop: 3 epochs without improvement
best val loss 1.02585 at epoch 18; reference 1.02585; checkpoint results/checkpoints/o1_lr1e3_warm_s1.pt
