warmup: linear over 719 steps to lr 3.00e-04 (first step at lr 4.17e-07)
warmup: complete after 719 steps
epoch   0  train 1.14345  val 1.08602  ref 1.08602  lr 3.00e-04  31s (719 steps)
epoch   1  train 1.05298  val 1.06063  ref 1.06063  lr 3.00e-04  30s (719 steps)
epoch   2  train 1.03201  val 1.04917  ref 1.04917  lr 3.00e-04  51s (719 steps)
epoch   3  train 1.02327  val 1.04414  ref 1.04414  lr 3.00e-04  46s (719 steps)
epoch   4  train 1.01796  val 1.03992  ref 1.03992  lr 3.00e-04  32s (719 steps)
epoch   5  train 1.01441  val 1.03652  ref 1.03652  lr 3.00e-04  31s (719 steps)
epoch   6  train 1.01172  val 1.03536  ref 1.03536  lr 3.00e-04  31s (719 steps)
epoch   7  train 1.00961  val 1.03385  ref 1.03385  lr 3.00e-04  32s (719 steps)
epoch   8  train 1.00796  val 1.03204  ref 1.03204  lr 3.00e-04  31s (719 steps)
epoch   9  train 1.00656  val 1.03131  ref 1.03131  lr 3.00e-04  32s (719 steps)
epoch  10  train 1.00547  val 1.03001  ref 1.03001  lr 3.00e-04  32s (719 steps)
epoch  11  train 1.00448  val 1.02986  ref 1.02986  lr 3.00e-04  31s (719 steps)
epoch  12  train 1.00375  val 1.02964  ref 1.02964  lr 3.00e-04  30s (719 steps)
epoch  13  train 1.00303  val 1.03085  ref 1.03085  lr 3.00e-04  30s (719 steps)
epoch  14  train 1.00241  val 1.02824  ref 1.02824  lr 3.00e-04  32s (719 steps)
epoch  15  train 1.00182  val 1.02976  ref 1.02976  lr 3.00e-04  37s (719 steps)
epoch  16  train 1.00139  val 1.02818  ref 1.02818  lr 9.00e-05  34s (719 steps)
epoch  17  train 1.00002  val 1.02752  ref 1.02752  lr 9.00e-05  32s (719 steps)
epoch  18  train 0.99984  val 1.02777  ref 1.02777  lr 9.00e-05  34s (719 steps)
epoch  19  train 0.99967  val 1.02731  ref 1.02731  lr 9.00e-05  36s (719 steps)
epoch  20  train 0.99954  val 1.02777  ref 1.02777  lr 9.00e-05  30s (719 steps)
epoch  21  train 0.99940  val 1.02769  ref 1.02769  lr 2.70e-05  32s (719 steps)
epoch  22  train 0.99895  val 1.02749  ref 1.02749  lr 2.70e-05  30s (719 steps)
early stop: 3 epochs without improvement
best val loss 1.02731 at epoch 19; reference 1.02731; checkpoint results/checkpoints/selection_lr3e4_warm_s0.pt
