[    0.0s] loading tensors and aligning the pitch frame
[    6.7s] fitting the four auxiliary tables
[   25.6s] wrote results/phase_d/league_reference_rates.json
[   26.6s] LHB vs LHP: 210 hitters x 540 pitchers
[  118.8s]   LHB vs LHP: 64/540 pitchers
[  184.1s]   LHB vs LHP: 128/540 pitchers
[  266.7s]   LHB vs LHP: 192/540 pitchers
[  304.1s]   LHB vs LHP: 256/540 pitchers
[  331.4s]   LHB vs LHP: 320/540 pitchers
[  376.0s]   LHB vs LHP: 384/540 pitchers
[  430.4s]   LHB vs LHP: 448/540 pitchers
[  479.0s]   LHB vs LHP: 512/540 pitchers
[  486.8s]   LHB vs LHP: 540/540 pitchers
[  487.2s] RHB vs LHP: 423 hitters x 544 pitchers
[  745.1s]   RHB vs LHP: 64/544 pitchers
[ 1004.2s]   RHB vs LHP: 128/544 pitchers
[ 1364.2s]   RHB vs LHP: 192/544 pitchers
[ 1533.4s]   RHB vs LHP: 256/544 pitchers
[ 1774.8s]   RHB vs LHP: 320/544 pitchers
[ 2047.2s]   RHB vs LHP: 384/544 pitchers
[ 2403.0s]   RHB vs LHP: 448/544 pitchers
[ 2602.4s]   RHB vs LHP: 512/544 pitchers
[ 2660.3s]   RHB vs LHP: 544/544 pitchers
[ 2661.7s] LHB vs RHP: 287 hitters x 1475 pitchers
[ 2775.9s]   LHB vs RHP: 64/1475 pitchers
[ 2855.2s]   LHB vs RHP: 128/1475 pitchers
[ 2965.9s]   LHB vs RHP: 192/1475 pitchers
[ 3071.9s]   LHB vs RHP: 256/1475 pitchers
[ 3189.8s]   LHB vs RHP: 320/1475 pitchers
[ 3303.3s]   LHB vs RHP: 384/1475 pitchers
[ 3415.4s]   LHB vs RHP: 448/1475 pitchers
[ 3528.1s]   LHB vs RHP: 512/1475 pitchers
[ 3715.1s]   LHB vs RHP: 576/1475 pitchers
[ 3811.6s]   LHB vs RHP: 640/1475 pitchers
[ 3903.5s]   LHB vs RHP: 704/1475 pitchers
[ 3979.2s]   LHB vs RHP: 768/1475 pitchers
[ 4047.5s]   LHB vs RHP: 832/1475 pitchers
[ 4123.2s]   LHB vs RHP: 896/1475 pitchers
[ 4202.6s]   LHB vs RHP: 960/1475 pitchers
[ 4265.5s]   LHB vs RHP: 1024/1475 pitchers
[ 4328.6s]   LHB vs RHP: 1088/1475 pitchers
[ 4370.9s]   LHB vs RHP: 1152/1475 pitchers
[ 4472.2s]   LHB vs RHP: 1216/1475 pitchers
[ 4552.9s]   LHB vs RHP: 1280/1475 pitchers
[ 4648.5s]   LHB vs RHP: 1344/1475 pitchers
[ 4700.3s]   LHB vs RHP: 1408/1475 pitchers
[ 4777.5s]   LHB vs RHP: 1472/1475 pitchers
[ 4778.0s]   LHB vs RHP: 1475/1475 pitchers
[ 4779.2s] RHB vs RHP: 359 hitters x 1481 pitchers
[ 4959.1s]   RHB vs RHP: 64/1481 pitchers
[ 5070.7s]   RHB vs RHP: 128/1481 pitchers
[ 5231.1s]   RHB vs RHP: 192/1481 pitchers
[ 5478.7s]   RHB vs RHP: 256/1481 pitchers
[ 5598.2s]   RHB vs RHP: 320/1481 pitchers
[ 5741.7s]   RHB vs RHP: 384/1481 pitchers
[ 5856.3s]   RHB vs RHP: 448/1481 pitchers
[ 5962.7s]   RHB vs RHP: 512/1481 pitchers
[ 6078.3s]   RHB vs RHP: 576/1481 pitchers
[ 6119.4s]   RHB vs RHP: 640/1481 pitchers
[ 6190.2s]   RHB vs RHP: 704/1481 pitchers
[ 6218.4s]   RHB vs RHP: 768/1481 pitchers
[ 6243.9s]   RHB vs RHP: 832/1481 pitchers
[ 6261.1s]   RHB vs RHP: 896/1481 pitchers
[ 6277.9s]   RHB vs RHP: 960/1481 pitchers
[ 6329.1s]   RHB vs RHP: 1024/1481 pitchers
[ 6351.9s]   RHB vs RHP: 1088/1481 pitchers
[ 6372.4s]   RHB vs RHP: 1152/1481 pitchers
[ 6395.2s]   RHB vs RHP: 1216/1481 pitchers
[ 6411.7s]   RHB vs RHP: 1280/1481 pitchers
[ 6428.0s]   RHB vs RHP: 1344/1481 pitchers
[ 6461.3s]   RHB vs RHP: 1408/1481 pitchers
[ 6476.0s]   RHB vs RHP: 1472/1481 pitchers
[ 6476.9s]   RHB vs RHP: 1481/1481 pitchers
[ 6477.3s] wrote results/phase_d/d5_predictions_o1_lr1e3_warm_s1.csv
[ 6478.9s] probe LHB vs LHP: 540 pitchers
[ 6484.6s] probe RHB vs LHP: 544 pitchers
[ 6486.3s] probe LHB vs RHP: 1475 pitchers
[ 6489.3s] probe RHB vs RHP: 1481 pitchers
[ 6491.1s] per-seed composition, seed 1
[ 6491.2s] probe LHB vs LHP: 540 pitchers
[ 6491.8s] probe RHB vs LHP: 544 pitchers
[ 6492.5s] probe LHB vs RHP: 1475 pitchers
[ 6494.1s] probe RHB vs RHP: 1481 pitchers
arm: o1_lr1e3_warm seeds: [1]
rows: 1279
pred_woba mean: 0.3113
pred_woba sd: 0.0313
backoff levels (exact, strikes, stand, empty): [40384, 6252, 1844, 14]
pitcher cells dropped: 14

-- unscored zero-row probe (§5.4) --
league_pred_woba: 0.3103  (seed spread 0.0000)
league_pred_woba_uniform: 0.3069  (seed spread 0.0000)
rate_bb: 0.0815  (seed spread 0.0000)
rate_k: 0.2403  (seed spread 0.0000)
rate_hbp: 0.0110  (seed spread 0.0000)
rate_bip: 0.6672  (seed spread 0.0000)
mass_ball_00: 0.3914  (seed spread 0.0000)
mass_strike_00: 0.3914  (seed spread 0.0000)
mass_hbp_00: 0.0025  (seed spread 0.0000)
mass_foul_00: 0.1105  (seed spread 0.0000)
mass_bip_00: 0.1041  (seed spread 0.0000)
mass_bip_points_00: 0.0400  (seed spread 0.0000)

-- SCORED league fidelity (§8), trained hitters, PA-weighted --
1074 hitters, 169589 plate appearances
  bb: 0.08559 vs 0.08042 observed  (+6.4% of 2% allowed)  FAIL
   k: 0.22339 vs 0.22338 observed  (+0.0% of 2% allowed)  PASS
 hbp: 0.01090 vs 0.01049 observed  (+3.9% of 20% allowed)  PASS
 bip: 0.68012 vs 0.68571 observed  (-0.8% of 2% allowed)  PASS
fidelity: FAIL
bip joined to a PA outcome: 948226 of 948226 (100.0%)
contact split from: trained_head
wrote results/phase_d/d5_predictions_o1_lr1e3_warm_s1.csv
