claim-1 scores (all models, one eval frame)
                 model stratum  n_hitters          pa  scoring_pa  pa_weighted_rmse  noise_floor  model_rmse  rank_corr  rank_corr_weighted  skill_vs_no_info
          eb_bivariate     low        380  33003.0000  32781.0000            0.0618       0.0510      0.0348     0.1140              0.1389            0.1216
          eb_bivariate  medium        280  37072.0000  36877.0000            0.0506       0.0427      0.0272     0.2509              0.1926            0.0993
          eb_bivariate    high        489 111752.0000 111114.0000            0.0410       0.0334      0.0239     0.4850              0.5089            0.5182
          eb_bivariate     all       1149 181827.0000 180772.0000            0.0474       0.0391      0.0268     0.3283              0.4103            0.3706
 eb_book_rho_reference     low        380  33003.0000  32781.0000            0.0620       0.0510      0.0352     0.1029              0.1260            0.1016
 eb_book_rho_reference  medium        280  37072.0000  36877.0000            0.0502       0.0427      0.0263     0.2683              0.2016            0.1544
 eb_book_rho_reference    high        489 111752.0000 111114.0000            0.0410       0.0334      0.0238     0.4919              0.5066            0.5216
 eb_book_rho_reference     all       1149 181827.0000 180772.0000            0.0474       0.0391      0.0267     0.3319              0.4096            0.3764
                trailing_raw     low        380  33003.0000  32781.0000            0.1054       0.0510      0.0922     0.1138              0.0416           -5.1833
                trailing_raw  medium        280  37072.0000  36877.0000            0.0638       0.0427      0.0474     0.1544              0.1223           -1.7432
                trailing_raw    high        489 111752.0000 111114.0000            0.0431       0.0334      0.0273     0.4446              0.4899            0.3709
                trailing_raw     all       1149 181827.0000 180772.0000            0.0632       0.0391      0.0496     0.2762              0.3493           -1.1485
           trailing_bucketed     low        380  33003.0000  32781.0000            0.0660       0.0510      0.0418     0.0157             -0.0594           -0.2706
           trailing_bucketed  medium        280  37072.0000  36877.0000            0.0585       0.0427      0.0400     0.1521              0.1431           -0.9539
           trailing_bucketed    high        489 111752.0000 111114.0000            0.0431       0.0334      0.0273     0.4424              0.4896            0.3689
           trailing_bucketed     all       1149 181827.0000 180772.0000            0.0513       0.0391      0.0332     0.2581              0.3604            0.0365
no_info_league_average     low        380  33003.0000  32781.0000            0.0631       0.0510      0.0371     0.0024             -0.0730            0.0000
no_info_league_average  medium        280  37072.0000  36877.0000            0.0514       0.0427      0.0286     0.0466              0.0508            0.0000
no_info_league_average    high        489 111752.0000 111114.0000            0.0479       0.0334      0.0344     0.1149              0.1071            0.0000
no_info_league_average     all       1149 181827.0000 180772.0000            0.0517       0.0391      0.0338     0.0129              0.0151            0.0000
        gbm_outcome     low        380  33003.0000  32781.0000            0.0594       0.0510      0.0304     0.1107              0.0846            0.3268
        gbm_outcome  medium        280  37072.0000  36877.0000            0.0502       0.0427      0.0264     0.2113              0.1811            0.1497
        gbm_outcome    high        489 111752.0000 111114.0000            0.0410       0.0334      0.0237     0.4811              0.4955            0.5241
        gbm_outcome     all       1149 181827.0000 180772.0000            0.0468       0.0391      0.0256     0.3445              0.4041            0.4265
           gbm_full     low        380  33003.0000  32781.0000            0.0587       0.0510      0.0289     0.1288              0.1665            0.3911
           gbm_full  medium        280  37072.0000  36877.0000            0.0495       0.0427      0.0250     0.2574              0.2615            0.2375
           gbm_full    high        489 111752.0000 111114.0000            0.0408       0.0334      0.0235     0.4979              0.5238            0.5349
           gbm_full     all       1149 181827.0000 180772.0000            0.0463       0.0391      0.0249     0.3704              0.4417            0.4602
      model_v1_baseline     low        380  33003.0000  32781.0000            0.0610       0.0510      0.0333     0.1600              0.2643            0.1928
      model_v1_baseline  medium        280  37072.0000  36877.0000            0.0532       0.0427      0.0318     0.3120              0.3245           -0.2320
      model_v1_baseline    high        489 111752.0000 111114.0000            0.0460       0.0334      0.0317     0.4747              0.4966            0.1520
      model_v1_baseline     all       1149 181827.0000 180772.0000            0.0505       0.0391      0.0320     0.3815              0.4613            0.1049

paired comparisons for model_v1_baseline
  rmse_difference NEGATIVE favours Phase D; rank_difference POSITIVE favours it
    opponent stratum  n_hitters  n_batters  rmse_a  rmse_b  rmse_difference  ci_low_rmse  ci_high_rmse  favours_a_share_rmse  n_draws  weighted  rank_a  rank_b  rank_difference  ci_low_rank  ci_high_rank  favours_a_share_rank  rmse_favours_model_v1  rank_favours_model_v1
 gbm_full     low        380        239  0.0610  0.0587           0.0023       0.0000        0.0045                0.0245     2000      True  0.2643  0.1665           0.0978      -0.0425        0.2312                0.9115                 False                 False
 gbm_full  medium        280        238  0.0532  0.0495           0.0037       0.0012        0.0066                0.0015     2000      True  0.3245  0.2615           0.0630      -0.0365        0.1599                0.8935                 False                 False
 gbm_full    high        489        318  0.0460  0.0408           0.0052       0.0032        0.0072                0.0000     2000      True  0.4966  0.5238          -0.0273      -0.0867        0.0305                0.1740                 False                 False
 gbm_full     all       1149        604  0.0505  0.0463           0.0042       0.0029        0.0057                0.0000     2000      True  0.4613  0.4417           0.0195      -0.0243        0.0635                0.8045                 False                 False
eb_bivariate     low        380        239  0.0610  0.0618          -0.0008      -0.0029        0.0013                0.7610     2000      True  0.2643  0.1389           0.1254      -0.0349        0.2863                0.9320                 False                 False
eb_bivariate  medium        280        238  0.0532  0.0506           0.0026      -0.0005        0.0066                0.0605     2000      True  0.3245  0.1926           0.1319      -0.0161        0.2750                0.9580                 False                 False
eb_bivariate    high        489        318  0.0460  0.0410           0.0050       0.0028        0.0072                0.0000     2000      True  0.4966  0.5089          -0.0123      -0.0824        0.0568                0.3585                 False                 False
eb_bivariate     all       1149        604  0.0505  0.0474           0.0031       0.0015        0.0047                0.0000     2000      True  0.4613  0.4103           0.0510      -0.0090        0.1088                0.9600                 False                 False

RMSE gate vs C.3-full: not met
ordering gate vs BOTH C.2 and C.3-full: not met
