=== model_v1_finish start 2026-08-14 18:39 | JOBS=1 THREADS=4 ===
=== sweep clear 2026-08-14 19:32 ===
trained runs in ledger: 40
      14 runs queued, 1 at a time, 4 threads each
start rebuild_baseline_fidelity
done  rebuild_baseline_fidelity
skip rebuild_baseline_s0 (already finished)
skip rebuild_baseline_s1 (already finished)
skip rebuild_baseline_s2 (already finished)
skip rebuild_baseline_s3 (already finished)
skip rebuild_baseline_s4 (already finished)
start rebuild_baseline
done  rebuild_baseline
start rebuild_dim16
done  rebuild_dim16
start rebuild_dim64
done  rebuild_dim64
start rebuild_bilinear
done  rebuild_bilinear
start rebuild_meanweight
done  rebuild_meanweight
start rebuild_invfreq
done  rebuild_invfreq
start rebuild_nospray
FAIL  rebuild_nospray (see results/model_v1/step5_rebuild_nospray.log)
start rebuild_block
done  rebuild_block
--- queue drained; runs without a diagnostics JSON did not finish ---
missing: rebuild_nospray
=== model_v1_finish done 2026-08-15 03:21 ===
