[    0.0s] loading tensors and aligning the pitch frame
[    4.1s] fitting the four auxiliary tables
[   19.1s] wrote results/phase_d/league_reference_rates.json
[   19.8s] LHB vs LHP: 210 hitters x 540 pitchers
[   39.7s]   LHB vs LHP: 64/540 pitchers
[   98.1s]   LHB vs LHP: 128/540 pitchers
[  148.5s]   LHB vs LHP: 192/540 pitchers
[  200.9s]   LHB vs LHP: 256/540 pitchers
[  225.2s]   LHB vs LHP: 320/540 pitchers
[  247.5s]   LHB vs LHP: 384/540 pitchers
[  267.3s]   LHB vs LHP: 448/540 pitchers
[  287.1s]   LHB vs LHP: 512/540 pitchers
[  296.4s]   LHB vs LHP: 540/540 pitchers
[  296.5s] RHB vs LHP: 423 hitters x 544 pitchers
[  378.8s]   RHB vs LHP: 64/544 pitchers
[  434.6s]   RHB vs LHP: 128/544 pitchers
[  514.7s]   RHB vs LHP: 192/544 pitchers
[  562.5s]   RHB vs LHP: 256/544 pitchers
[  638.7s]   RHB vs LHP: 320/544 pitchers
[  734.0s]   RHB vs LHP: 384/544 pitchers
[  807.3s]   RHB vs LHP: 448/544 pitchers
[  876.3s]   RHB vs LHP: 512/544 pitchers
[  897.9s]   RHB vs LHP: 544/544 pitchers
[  898.3s] LHB vs RHP: 287 hitters x 1475 pitchers
[  919.6s]   LHB vs RHP: 64/1475 pitchers
[  944.6s]   LHB vs RHP: 128/1475 pitchers
[  974.5s]   LHB vs RHP: 192/1475 pitchers
[ 1006.2s]   LHB vs RHP: 256/1475 pitchers
[ 1058.7s]   LHB vs RHP: 320/1475 pitchers
[ 1078.8s]   LHB vs RHP: 384/1475 pitchers
[ 1106.9s]   LHB vs RHP: 448/1475 pitchers
[ 1132.8s]   LHB vs RHP: 512/1475 pitchers
[ 1160.0s]   LHB vs RHP: 576/1475 pitchers
[ 1186.4s]   LHB vs RHP: 640/1475 pitchers
[ 1205.7s]   LHB vs RHP: 704/1475 pitchers
[ 1232.1s]   LHB vs RHP: 768/1475 pitchers
[ 1261.0s]   LHB vs RHP: 832/1475 pitchers
[ 1302.7s]   LHB vs RHP: 896/1475 pitchers
[ 1331.0s]   LHB vs RHP: 960/1475 pitchers
[ 1373.6s]   LHB vs RHP: 1024/1475 pitchers
[ 1394.3s]   LHB vs RHP: 1088/1475 pitchers
[ 1414.1s]   LHB vs RHP: 1152/1475 pitchers
[ 1434.8s]   LHB vs RHP: 1216/1475 pitchers
[ 1467.9s]   LHB vs RHP: 1280/1475 pitchers
[ 1512.1s]   LHB vs RHP: 1344/1475 pitchers
[ 1544.6s]   LHB vs RHP: 1408/1475 pitchers
[ 1578.2s]   LHB vs RHP: 1472/1475 pitchers
[ 1579.5s]   LHB vs RHP: 1475/1475 pitchers
[ 1579.8s] RHB vs RHP: 359 hitters x 1481 pitchers
[ 1688.2s]   RHB vs RHP: 64/1481 pitchers
[ 1759.6s]   RHB vs RHP: 128/1481 pitchers
[ 1817.7s]   RHB vs RHP: 192/1481 pitchers
[ 1886.3s]   RHB vs RHP: 256/1481 pitchers
[ 1921.8s]   RHB vs RHP: 320/1481 pitchers
[ 2012.4s]   RHB vs RHP: 384/1481 pitchers
[ 2095.0s]   RHB vs RHP: 448/1481 pitchers
[ 2192.8s]   RHB vs RHP: 512/1481 pitchers
[ 2245.0s]   RHB vs RHP: 576/1481 pitchers
[ 2321.7s]   RHB vs RHP: 640/1481 pitchers
[ 2372.3s]   RHB vs RHP: 704/1481 pitchers
[ 2413.5s]   RHB vs RHP: 768/1481 pitchers
[ 2470.5s]   RHB vs RHP: 832/1481 pitchers
[ 2577.4s]   RHB vs RHP: 896/1481 pitchers
[ 2650.7s]   RHB vs RHP: 960/1481 pitchers
[ 2694.3s]   RHB vs RHP: 1024/1481 pitchers
[ 2787.5s]   RHB vs RHP: 1088/1481 pitchers
[ 2948.1s]   RHB vs RHP: 1152/1481 pitchers
[ 3013.8s]   RHB vs RHP: 1216/1481 pitchers
[ 3086.6s]   RHB vs RHP: 1280/1481 pitchers
[ 3159.9s]   RHB vs RHP: 1344/1481 pitchers
[ 3193.5s]   RHB vs RHP: 1408/1481 pitchers
[ 3234.5s]   RHB vs RHP: 1472/1481 pitchers
[ 3238.2s]   RHB vs RHP: 1481/1481 pitchers
[ 3238.4s] wrote results/phase_d/d5_predictions_d10_nospray.csv
[ 3239.0s] probe LHB vs LHP: 540 pitchers
[ 3242.7s] probe RHB vs LHP: 544 pitchers
[ 3244.1s] probe LHB vs RHP: 1475 pitchers
[ 3249.7s] probe RHB vs RHP: 1481 pitchers
[ 3256.6s] per-seed composition, seed 0
[ 3256.8s] probe LHB vs LHP: 540 pitchers
[ 3259.7s] probe RHB vs LHP: 544 pitchers
[ 3262.5s] probe LHB vs RHP: 1475 pitchers
[ 3266.4s] probe RHB vs RHP: 1481 pitchers
[ 3270.5s] per-seed composition, seed 1
[ 3270.6s] probe LHB vs LHP: 540 pitchers
[ 3271.8s] probe RHB vs LHP: 544 pitchers
[ 3273.6s] probe LHB vs RHP: 1475 pitchers
[ 3276.2s] probe RHB vs RHP: 1481 pitchers
[ 3281.4s] per-seed composition, seed 2
[ 3281.7s] probe LHB vs LHP: 540 pitchers
[ 3284.8s] probe RHB vs LHP: 544 pitchers
[ 3288.6s] probe LHB vs RHP: 1475 pitchers
[ 3292.4s] probe RHB vs RHP: 1481 pitchers
[ 3294.3s] per-seed composition, seed 3
[ 3294.4s] probe LHB vs LHP: 540 pitchers
[ 3295.0s] probe RHB vs LHP: 544 pitchers
[ 3295.6s] probe LHB vs RHP: 1475 pitchers
[ 3296.8s] probe RHB vs RHP: 1481 pitchers
[ 3297.7s] per-seed composition, seed 4
[ 3297.8s] probe LHB vs LHP: 540 pitchers
[ 3298.2s] probe RHB vs LHP: 544 pitchers
[ 3298.8s] probe LHB vs RHP: 1475 pitchers
[ 3301.2s] probe RHB vs RHP: 1481 pitchers
arm: d10_nospray seeds: [0, 1, 2, 3, 4]
rows: 1279
pred_woba mean: 0.3122
pred_woba sd: 0.0307
backoff levels (exact, strikes, stand, empty): [40384, 6252, 1844, 14]
pitcher cells dropped: 14

-- unscored zero-row probe (§5.4) --
league_pred_woba: 0.3117  (seed spread 0.0035)
league_pred_woba_uniform: 0.3078  (seed spread 0.0040)
rate_bb: 0.0787  (seed spread 0.0067)
rate_k: 0.2348  (seed spread 0.0119)
rate_hbp: 0.0110  (seed spread 0.0002)
rate_bip: 0.6755  (seed spread 0.0173)
mass_ball_00: 0.3902  (seed spread 0.0049)
mass_strike_00: 0.3885  (seed spread 0.0063)
mass_hbp_00: 0.0025  (seed spread 0.0000)
mass_foul_00: 0.1125  (seed spread 0.0051)
mass_bip_00: 0.1063  (seed spread 0.0061)
mass_bip_points_00: 0.0412  (seed spread 0.0021)

-- SCORED league fidelity (§8), trained hitters, PA-weighted --
1074 hitters, 169589 plate appearances
  bb: 0.08355 vs 0.08042 observed  (+3.9% of 2% allowed)  FAIL
   k: 0.21731 vs 0.22338 observed  (-2.7% of 2% allowed)  FAIL
 hbp: 0.01084 vs 0.01049 observed  (+3.3% of 20% allowed)  PASS
 bip: 0.68830 vs 0.68571 observed  (+0.4% of 2% allowed)  PASS
fidelity: FAIL
bip joined to a PA outcome: 948226 of 948226 (100.0%)
contact split from: trained_head
wrote results/phase_d/d5_predictions_d10_nospray.csv
