[    0.0s] loading tensors and aligning the pitch frame
[    3.4s] fitting the four auxiliary tables
[    9.1s] wrote results/model_v1/league_reference_rates.json
[    9.6s] LHB vs LHP: 210 hitters x 540 pitchers
[   40.9s]   LHB vs LHP: 64/540 pitchers
[   93.7s]   LHB vs LHP: 128/540 pitchers
[  134.6s]   LHB vs LHP: 192/540 pitchers
[  172.4s]   LHB vs LHP: 256/540 pitchers
[  213.2s]   LHB vs LHP: 320/540 pitchers
[  240.5s]   LHB vs LHP: 384/540 pitchers
[  264.7s]   LHB vs LHP: 448/540 pitchers
[  286.7s]   LHB vs LHP: 512/540 pitchers
[  294.2s]   LHB vs LHP: 540/540 pitchers
[  294.4s] RHB vs LHP: 423 hitters x 544 pitchers
[  498.1s]   RHB vs LHP: 64/544 pitchers
[  685.3s]   RHB vs LHP: 128/544 pitchers
[  923.8s]   RHB vs LHP: 192/544 pitchers
[ 1127.1s]   RHB vs LHP: 256/544 pitchers
[ 1343.2s]   RHB vs LHP: 320/544 pitchers
[ 1595.4s]   RHB vs LHP: 384/544 pitchers
[ 1794.0s]   RHB vs LHP: 448/544 pitchers
[ 1982.6s]   RHB vs LHP: 512/544 pitchers
[ 2001.2s]   RHB vs LHP: 544/544 pitchers
[ 2001.7s] LHB vs RHP: 287 hitters x 1475 pitchers
[ 2045.1s]   LHB vs RHP: 64/1475 pitchers
[ 2086.9s]   LHB vs RHP: 128/1475 pitchers
[ 2128.9s]   LHB vs RHP: 192/1475 pitchers
[ 2168.8s]   LHB vs RHP: 256/1475 pitchers
[ 2209.8s]   LHB vs RHP: 320/1475 pitchers
[ 2251.1s]   LHB vs RHP: 384/1475 pitchers
[ 2296.1s]   LHB vs RHP: 448/1475 pitchers
[ 2341.2s]   LHB vs RHP: 512/1475 pitchers
[ 2445.8s]   LHB vs RHP: 576/1475 pitchers
[ 2490.2s]   LHB vs RHP: 640/1475 pitchers
[ 2515.3s]   LHB vs RHP: 704/1475 pitchers
[ 2538.6s]   LHB vs RHP: 768/1475 pitchers
[ 2563.2s]   LHB vs RHP: 832/1475 pitchers
[ 2604.2s]   LHB vs RHP: 896/1475 pitchers
[ 2669.7s]   LHB vs RHP: 960/1475 pitchers
[ 2714.4s]   LHB vs RHP: 1024/1475 pitchers
[ 2739.8s]   LHB vs RHP: 1088/1475 pitchers
[ 2761.8s]   LHB vs RHP: 1152/1475 pitchers
[ 2786.6s]   LHB vs RHP: 1216/1475 pitchers
[ 2806.5s]   LHB vs RHP: 1280/1475 pitchers
[ 2826.3s]   LHB vs RHP: 1344/1475 pitchers
[ 2842.3s]   LHB vs RHP: 1408/1475 pitchers
[ 2864.1s]   LHB vs RHP: 1472/1475 pitchers
[ 2864.8s]   LHB vs RHP: 1475/1475 pitchers
[ 2865.1s] RHB vs RHP: 359 hitters x 1481 pitchers
[ 2900.2s]   RHB vs RHP: 64/1481 pitchers
[ 2928.6s]   RHB vs RHP: 128/1481 pitchers
[ 2974.2s]   RHB vs RHP: 192/1481 pitchers
[ 3003.0s]   RHB vs RHP: 256/1481 pitchers
[ 3030.1s]   RHB vs RHP: 320/1481 pitchers
[ 3070.3s]   RHB vs RHP: 384/1481 pitchers
[ 3102.4s]   RHB vs RHP: 448/1481 pitchers
[ 3130.7s]   RHB vs RHP: 512/1481 pitchers
[ 3156.6s]   RHB vs RHP: 576/1481 pitchers
[ 3185.8s]   RHB vs RHP: 640/1481 pitchers
[ 3208.3s]   RHB vs RHP: 704/1481 pitchers
[ 3232.3s]   RHB vs RHP: 768/1481 pitchers
[ 3263.5s]   RHB vs RHP: 832/1481 pitchers
[ 3288.4s]   RHB vs RHP: 896/1481 pitchers
[ 3337.4s]   RHB vs RHP: 960/1481 pitchers
[ 3425.0s]   RHB vs RHP: 1024/1481 pitchers
[ 3455.7s]   RHB vs RHP: 1088/1481 pitchers
[ 3489.4s]   RHB vs RHP: 1152/1481 pitchers
[ 3526.1s]   RHB vs RHP: 1216/1481 pitchers
[ 3555.3s]   RHB vs RHP: 1280/1481 pitchers
[ 3585.1s]   RHB vs RHP: 1344/1481 pitchers
[ 3625.5s]   RHB vs RHP: 1408/1481 pitchers
[ 3662.8s]   RHB vs RHP: 1472/1481 pitchers
[ 3665.7s]   RHB vs RHP: 1481/1481 pitchers
[ 3665.9s] wrote results/model_v1/model_v1_predictions_rebuild_baseline_fidelity.csv
[ 3666.5s] probe LHB vs LHP: 540 pitchers
[ 3671.6s] probe RHB vs LHP: 544 pitchers
[ 3672.6s] probe LHB vs RHP: 1475 pitchers
[ 3674.5s] probe RHB vs RHP: 1481 pitchers
[ 3676.1s] per-seed composition, seed 0
[ 3676.2s] probe LHB vs LHP: 540 pitchers
[ 3676.4s] probe RHB vs LHP: 544 pitchers
[ 3676.7s] probe LHB vs RHP: 1475 pitchers
[ 3677.4s] probe RHB vs RHP: 1481 pitchers
[ 3677.9s] per-seed composition, seed 1
[ 3677.9s] probe LHB vs LHP: 540 pitchers
[ 3678.2s] probe RHB vs LHP: 544 pitchers
[ 3678.4s] probe LHB vs RHP: 1475 pitchers
[ 3679.1s] probe RHB vs RHP: 1481 pitchers
[ 3679.6s] per-seed composition, seed 2
[ 3679.7s] probe LHB vs LHP: 540 pitchers
[ 3679.9s] probe RHB vs LHP: 544 pitchers
[ 3680.3s] probe LHB vs RHP: 1475 pitchers
[ 3680.9s] probe RHB vs RHP: 1481 pitchers
[ 3681.5s] per-seed composition, seed 3
[ 3681.5s] probe LHB vs LHP: 540 pitchers
[ 3681.8s] probe RHB vs LHP: 544 pitchers
[ 3682.1s] probe LHB vs RHP: 1475 pitchers
[ 3682.7s] probe RHB vs RHP: 1481 pitchers
[ 3683.2s] per-seed composition, seed 4
[ 3683.2s] probe LHB vs LHP: 540 pitchers
[ 3683.5s] probe RHB vs LHP: 544 pitchers
[ 3683.8s] probe LHB vs RHP: 1475 pitchers
[ 3684.4s] probe RHB vs RHP: 1481 pitchers
arm: rebuild_baseline seeds: [0, 1, 2, 3, 4]
rows: 1279
pred_woba mean: 0.3114
pred_woba sd: 0.0308
backoff levels (exact, strikes, stand, empty): [40384, 6252, 1844, 14]
pitcher cells dropped: 14

-- unscored zero-row probe (§5.4) --
league_pred_woba: 0.3095  (seed spread 0.0066)
league_pred_woba_uniform: 0.3060  (seed spread 0.0063)
rate_bb: 0.0824  (seed spread 0.0021)
rate_k: 0.2421  (seed spread 0.0059)
rate_hbp: 0.0108  (seed spread 0.0001)
rate_bip: 0.6646  (seed spread 0.0056)
mass_ball_00: 0.3978  (seed spread 0.0049)
mass_strike_00: 0.3833  (seed spread 0.0114)
mass_hbp_00: 0.0030  (seed spread 0.0000)
mass_foul_00: 0.1112  (seed spread 0.0116)
mass_bip_00: 0.1047  (seed spread 0.0041)
mass_bip_points_00: 0.0401  (seed spread 0.0014)

-- SCORED league fidelity (§8), trained hitters, PA-weighted --
1074 hitters, 169589 plate appearances
  bb: 0.08722 vs 0.08042 observed  (+8.5% of 2% allowed)  FAIL
   k: 0.22433 vs 0.22338 observed  (+0.4% of 2% allowed)  PASS
 hbp: 0.01071 vs 0.01049 observed  (+2.0% of 20% allowed)  PASS
 bip: 0.67774 vs 0.68571 observed  (-1.2% of 2% allowed)  PASS
fidelity: FAIL
bip joined to a PA outcome: 948226 of 948226 (100.0%)
contact split from: trained_head
wrote results/model_v1/model_v1_predictions_rebuild_baseline_fidelity.csv
