stage d10: 40 runs pending, 79 already done
deadline 14:40; touch results/phase_d/STOP to stop after the current run
[18:40] baseline seed 0 ...
    ok in 53.8 min, ref 1.02584
[19:34] baseline seed 1 ...
    ok in 40.6 min, ref 1.02585
[20:15] baseline seed 2 ...
    ok in 28.9 min, ref 1.02578
[20:44] baseline seed 3 ...
    ok in 16.6 min, ref 1.02563
[21:00] baseline seed 4 ...
    ok in 9.1 min, ref 1.02590
[21:09] dim16 seed 0 ...
    ok in 100.4 min, ref 1.02619
[22:50] dim16 seed 1 ...
    ok in 89.5 min, ref 1.02652
[00:19] dim16 seed 2 ...
    ok in 55.9 min, ref 1.02661
[01:15] dim16 seed 3 ...
    ok in 138.6 min, ref 1.02669
[03:34] dim16 seed 4 ...
    ok in 93.5 min, ref 1.02666
[05:07] dim64 seed 0 ...
    ok in 67.6 min, ref 1.02656
[06:15] dim64 seed 1 ...
    ok in 75.9 min, ref 1.02585
[07:31] dim64 seed 2 ...
    ok in 110.7 min, ref 1.02613
[09:21] dim64 seed 3 ...
    ok in 91.9 min, ref 1.02583
[10:53] dim64 seed 4 ...
stage d10: 26 runs pending, 93 already done
deadline 22:37; touch results/phase_d/STOP to stop after the current run
[21:07] dim64 seed 4 ...
    ok in 7.2 min, ref 1.02597
[21:14] bilinear seed 0 ...
    ok in 26.9 min, ref 1.02606
[21:41] bilinear seed 1 ...
    ok in 27.6 min, ref 1.02600
[22:09] bilinear seed 2 ...
    ok in 543.9 min, ref 1.02609
-516 min left, next run needs ~16; stopping here
done for now; 22 runs still pending — rerun the same command
stage d10: 22 runs pending, 97 already done
deadline 11:34; touch results/phase_d/STOP to stop after the current run
[11:34] bilinear seed 3 ...
    ok in 11.4 min, ref 1.02597
[11:46] bilinear seed 4 ...
    ok in 9.5 min, ref 1.02603
[11:55] meanweight seed 0 ...
    ok in 45.2 min, ref 1.02743
[12:40] meanweight seed 1 ...
    ok in 26.4 min, ref 1.02723
[13:07] meanweight seed 2 ...
    ok in 33.3 min, ref 1.02743
[13:40] meanweight seed 3 ...
    ok in 36.3 min, ref 1.02700
[14:16] meanweight seed 4 ...
    ok in 34.8 min, ref 1.02709
[14:51] invfreq seed 0 ...
    ok in 80.8 min, ref 1.05178
[16:12] invfreq seed 1 ...
    ok in 45.6 min, ref 1.05207
[16:57] invfreq seed 2 ...
    ok in 14.8 min, ref 1.05130
[17:12] invfreq seed 3 ...
    ok in 12.3 min, ref 1.05140
[17:24] invfreq seed 4 ...
    ok in 10.6 min, ref 1.05189
[17:35] nospray seed 0 ...
    ok in 9.1 min, ref 0.81405
[17:44] nospray seed 1 ...
    ok in 17.6 min, ref 0.81395
[18:02] nospray seed 2 ...
    ok in 7.3 min, ref 0.81444
[18:09] nospray seed 3 ...
    ok in 9.0 min, ref 0.81411
[18:18] nospray seed 4 ...
    ok in 8.9 min, ref 0.81377
[18:27] block seed 0 ...
    ok in 11.5 min, ref 1.02757
[18:38] block seed 1 ...
    ok in 17.7 min, ref 1.02761
[18:56] block seed 2 ...
    ok in 10.3 min, ref 1.02749
[19:06] block seed 3 ...
    ok in 12.5 min, ref 1.02742
[19:19] block seed 4 ...
    ok in 12.9 min, ref 1.02765
done for now; 0 runs still pending — rerun the same command
