[    0.0s] loading tensors and aligning the pitch frame
[    2.8s] fitting the four auxiliary tables
[   14.9s] wrote results/model_v1/league_reference_rates.json
[   15.5s] LHB vs LHP: 210 hitters x 540 pitchers
[   29.7s]   LHB vs LHP: 64/540 pitchers
[   44.8s]   LHB vs LHP: 128/540 pitchers
[   60.6s]   LHB vs LHP: 192/540 pitchers
[   76.6s]   LHB vs LHP: 256/540 pitchers
[   92.0s]   LHB vs LHP: 320/540 pitchers
[  107.4s]   LHB vs LHP: 384/540 pitchers
[  122.9s]   LHB vs LHP: 448/540 pitchers
[  138.4s]   LHB vs LHP: 512/540 pitchers
[  145.2s]   LHB vs LHP: 540/540 pitchers
[  145.3s] RHB vs LHP: 423 hitters x 544 pitchers
[  196.9s]   RHB vs LHP: 64/544 pitchers
[  246.5s]   RHB vs LHP: 128/544 pitchers
[  299.2s]   RHB vs LHP: 192/544 pitchers
[  350.2s]   RHB vs LHP: 256/544 pitchers
[  400.9s]   RHB vs LHP: 320/544 pitchers
[  443.6s]   RHB vs LHP: 384/544 pitchers
[  486.7s]   RHB vs LHP: 448/544 pitchers
[  536.8s]   RHB vs LHP: 512/544 pitchers
[  553.4s]   RHB vs LHP: 544/544 pitchers
[  553.7s] LHB vs RHP: 287 hitters x 1475 pitchers
[  576.7s]   LHB vs RHP: 64/1475 pitchers
[  600.4s]   LHB vs RHP: 128/1475 pitchers
[  623.9s]   LHB vs RHP: 192/1475 pitchers
[  646.6s]   LHB vs RHP: 256/1475 pitchers
[  670.5s]   LHB vs RHP: 320/1475 pitchers
[  697.9s]   LHB vs RHP: 384/1475 pitchers
[  727.3s]   LHB vs RHP: 448/1475 pitchers
[  752.3s]   LHB vs RHP: 512/1475 pitchers
[  777.4s]   LHB vs RHP: 576/1475 pitchers
[  801.9s]   LHB vs RHP: 640/1475 pitchers
[  827.2s]   LHB vs RHP: 704/1475 pitchers
[  851.6s]   LHB vs RHP: 768/1475 pitchers
[  875.7s]   LHB vs RHP: 832/1475 pitchers
[  900.0s]   LHB vs RHP: 896/1475 pitchers
[  924.0s]   LHB vs RHP: 960/1475 pitchers
[  948.4s]   LHB vs RHP: 1024/1475 pitchers
[  973.5s]   LHB vs RHP: 1088/1475 pitchers
[ 1000.3s]   LHB vs RHP: 1152/1475 pitchers
[ 1026.6s]   LHB vs RHP: 1216/1475 pitchers
[ 1052.8s]   LHB vs RHP: 1280/1475 pitchers
[ 1076.4s]   LHB vs RHP: 1344/1475 pitchers
[ 1100.3s]   LHB vs RHP: 1408/1475 pitchers
[ 1123.5s]   LHB vs RHP: 1472/1475 pitchers
[ 1124.3s]   LHB vs RHP: 1475/1475 pitchers
[ 1124.6s] RHB vs RHP: 359 hitters x 1481 pitchers
[ 1153.5s]   RHB vs RHP: 64/1481 pitchers
[ 1182.7s]   RHB vs RHP: 128/1481 pitchers
[ 1212.3s]   RHB vs RHP: 192/1481 pitchers
[ 1243.3s]   RHB vs RHP: 256/1481 pitchers
[ 1276.5s]   RHB vs RHP: 320/1481 pitchers
[ 1311.3s]   RHB vs RHP: 384/1481 pitchers
[ 1344.0s]   RHB vs RHP: 448/1481 pitchers
[ 1371.4s]   RHB vs RHP: 512/1481 pitchers
[ 1404.3s]   RHB vs RHP: 576/1481 pitchers
[ 1476.6s]   RHB vs RHP: 640/1481 pitchers
[ 1516.7s]   RHB vs RHP: 704/1481 pitchers
[ 1543.9s]   RHB vs RHP: 768/1481 pitchers
[ 1572.8s]   RHB vs RHP: 832/1481 pitchers
[ 1605.9s]   RHB vs RHP: 896/1481 pitchers
[ 1644.4s]   RHB vs RHP: 960/1481 pitchers
[ 1719.7s]   RHB vs RHP: 1024/1481 pitchers
[ 1768.5s]   RHB vs RHP: 1088/1481 pitchers
[ 1822.8s]   RHB vs RHP: 1152/1481 pitchers
[ 1859.0s]   RHB vs RHP: 1216/1481 pitchers
[ 1895.0s]   RHB vs RHP: 1280/1481 pitchers
[ 1929.0s]   RHB vs RHP: 1344/1481 pitchers
[ 1965.0s]   RHB vs RHP: 1408/1481 pitchers
[ 1990.4s]   RHB vs RHP: 1472/1481 pitchers
[ 1994.1s]   RHB vs RHP: 1481/1481 pitchers
[ 1994.2s] wrote results/model_v1/model_v1_predictions_rebuild_meanweight.csv
[ 1994.8s] probe LHB vs LHP: 540 pitchers
[ 1997.5s] probe RHB vs LHP: 544 pitchers
[ 1998.6s] probe LHB vs RHP: 1475 pitchers
[ 2001.0s] probe RHB vs RHP: 1481 pitchers
[ 2003.5s] per-seed composition, seed 0
[ 2003.6s] probe LHB vs LHP: 540 pitchers
[ 2004.0s] probe RHB vs LHP: 544 pitchers
[ 2004.5s] probe LHB vs RHP: 1475 pitchers
[ 2005.6s] probe RHB vs RHP: 1481 pitchers
[ 2006.4s] per-seed composition, seed 1
[ 2006.5s] probe LHB vs LHP: 540 pitchers
[ 2006.8s] probe RHB vs LHP: 544 pitchers
[ 2007.3s] probe LHB vs RHP: 1475 pitchers
[ 2008.3s] probe RHB vs RHP: 1481 pitchers
[ 2009.2s] per-seed composition, seed 2
[ 2009.2s] probe LHB vs LHP: 540 pitchers
[ 2009.6s] probe RHB vs LHP: 544 pitchers
[ 2010.1s] probe LHB vs RHP: 1475 pitchers
[ 2011.1s] probe RHB vs RHP: 1481 pitchers
[ 2011.9s] per-seed composition, seed 3
[ 2012.0s] probe LHB vs LHP: 540 pitchers
[ 2012.4s] probe RHB vs LHP: 544 pitchers
[ 2012.9s] probe LHB vs RHP: 1475 pitchers
[ 2013.9s] probe RHB vs RHP: 1481 pitchers
[ 2014.7s] per-seed composition, seed 4
[ 2014.8s] probe LHB vs LHP: 540 pitchers
[ 2015.2s] probe RHB vs LHP: 544 pitchers
[ 2015.6s] probe LHB vs RHP: 1475 pitchers
[ 2016.6s] probe RHB vs RHP: 1481 pitchers
arm: rebuild_meanweight seeds: [0, 1, 2, 3, 4]
rows: 1279
pred_woba mean: 0.3108
pred_woba sd: 0.0317
backoff levels (exact, strikes, stand, empty): [40384, 6252, 1844, 14]
pitcher cells dropped: 14

-- unscored zero-row probe (§5.4) --
league_pred_woba: 0.3106  (seed spread 0.0060)
league_pred_woba_uniform: 0.3071  (seed spread 0.0053)
rate_bb: 0.0777  (seed spread 0.0052)
rate_k: 0.2351  (seed spread 0.0062)
rate_hbp: 0.0109  (seed spread 0.0002)
rate_bip: 0.6762  (seed spread 0.0116)
mass_ball_00: 0.3908  (seed spread 0.0041)
mass_strike_00: 0.3897  (seed spread 0.0086)
mass_hbp_00: 0.0025  (seed spread 0.0000)
mass_foul_00: 0.1112  (seed spread 0.0051)
mass_bip_00: 0.1058  (seed spread 0.0065)
mass_bip_points_00: 0.0405  (seed spread 0.0031)

-- SCORED league fidelity (§8), trained hitters, PA-weighted --
1074 hitters, 169589 plate appearances
  bb: 0.08571 vs 0.08042 observed  (+6.6% of 2% allowed)  FAIL
   k: 0.22542 vs 0.22338 observed  (+0.9% of 2% allowed)  PASS
 hbp: 0.01094 vs 0.01049 observed  (+4.3% of 20% allowed)  PASS
 bip: 0.67792 vs 0.68571 observed  (-1.1% of 2% allowed)  PASS
fidelity: FAIL
bip joined to a PA outcome: 948226 of 948226 (100.0%)
contact split from: trained_head
wrote results/model_v1/model_v1_predictions_rebuild_meanweight.csv
